###############################################################################
#                                                                             #
# IAR ELF Linker V6.30.1.53127/W32 for ARM              18/Feb/2014  20:27:57 #
# Copyright 2007-2011 IAR Systems AB.                                         #
#                                                                             #
#    Output file  =  F:\临时文件\光电组新平台\landzoNEW                       #
#                    CCD\build\fire_demo\Debug\Exe\fire_gpio_demo.out         #
#    Map file     =  F:\临时文件\光电组新平台\landzoNEW                       #
#                    CCD\build\fire_demo\Debug\List\fire_gpio_demo.map        #
#    Command line =  "F:\临时文件\光电组新平台\landzoNEW                      #
#                    CCD\build\fire_demo\Debug\Obj\AT24C02.o"                 #
#                    "F:\临时文件\光电组新平台\landzoNEW                      #
#                    CCD\build\fire_demo\Debug\Obj\CCD.o"                     #
#                    "F:\临时文件\光电组新平台\landzoNEW                      #
#                    CCD\build\fire_demo\Debug\Obj\FTM.o"                     #
#                    "F:\临时文件\光电组新平台\landzoNEW                      #
#                    CCD\build\fire_demo\Debug\Obj\PIT.o"                     #
#                    "F:\临时文件\光电组新平台\landzoNEW                      #
#                    CCD\build\fire_demo\Debug\Obj\adc.o"                     #
#                    "F:\临时文件\光电组新平台\landzoNEW                      #
#                    CCD\build\fire_demo\Debug\Obj\alloc.o"                   #
#                    "F:\临时文件\光电组新平台\landzoNEW                      #
#                    CCD\build\fire_demo\Debug\Obj\arm_cm4.o"                 #
#                    "F:\临时文件\光电组新平台\landzoNEW                      #
#                    CCD\build\fire_demo\Debug\Obj\assert.o"                  #
#                    "F:\临时文件\光电组新平台\landzoNEW                      #
#                    CCD\build\fire_demo\Debug\Obj\calculation.o"             #
#                    "F:\临时文件\光电组新平台\landzoNEW                      #
#                    CCD\build\fire_demo\Debug\Obj\crt0.o"                    #
#                    "F:\临时文件\光电组新平台\landzoNEW                      #
#                    CCD\build\fire_demo\Debug\Obj\delay.o"                   #
#                    "F:\临时文件\光电组新平台\landzoNEW                      #
#                    CCD\build\fire_demo\Debug\Obj\dma.o"                     #
#                    "F:\临时文件\光电组新平台\landzoNEW                      #
#                    CCD\build\fire_demo\Debug\Obj\exti.o"                    #
#                    "F:\临时文件\光电组新平台\landzoNEW                      #
#                    CCD\build\fire_demo\Debug\Obj\gpio.o"                    #
#                    "F:\临时文件\光电组新平台\landzoNEW                      #
#                    CCD\build\fire_demo\Debug\Obj\i2c.o"                     #
#                    "F:\临时文件\光电组新平台\landzoNEW                      #
#                    CCD\build\fire_demo\Debug\Obj\io.o"                      #
#                    "F:\临时文件\光电组新平台\landzoNEW                      #
#                    CCD\build\fire_demo\Debug\Obj\isr.o"                     #
#                    "F:\临时文件\光电组新平台\landzoNEW                      #
#                    CCD\build\fire_demo\Debug\Obj\lptmr.o"                   #
#                    "F:\临时文件\光电组新平台\landzoNEW                      #
#                    CCD\build\fire_demo\Debug\Obj\main.o"                    #
#                    "F:\临时文件\光电组新平台\landzoNEW                      #
#                    CCD\build\fire_demo\Debug\Obj\mcg.o"                     #
#                    "F:\临时文件\光电组新平台\landzoNEW                      #
#                    CCD\build\fire_demo\Debug\Obj\memtest.o"                 #
#                    "F:\临时文件\光电组新平台\landzoNEW                      #
#                    CCD\build\fire_demo\Debug\Obj\printf.o"                  #
#                    "F:\临时文件\光电组新平台\landzoNEW                      #
#                    CCD\build\fire_demo\Debug\Obj\queue.o"                   #
#                    "F:\临时文件\光电组新平台\landzoNEW                      #
#                    CCD\build\fire_demo\Debug\Obj\start.o"                   #
#                    "F:\临时文件\光电组新平台\landzoNEW                      #
#                    CCD\build\fire_demo\Debug\Obj\startup.o"                 #
#                    "F:\临时文件\光电组新平台\landzoNEW                      #
#                    CCD\build\fire_demo\Debug\Obj\stdlib.o"                  #
#                    "F:\临时文件\光电组新平台\landzoNEW                      #
#                    CCD\build\fire_demo\Debug\Obj\sysinit.o"                 #
#                    "F:\临时文件\光电组新平台\landzoNEW                      #
#                    CCD\build\fire_demo\Debug\Obj\uart.o"                    #
#                    "F:\临时文件\光电组新平台\landzoNEW                      #
#                    CCD\build\fire_demo\Debug\Obj\uif.o"                     #
#                    "F:\临时文件\光电组新平台\landzoNEW                      #
#                    CCD\build\fire_demo\Debug\Obj\vectors.o"                 #
#                    "F:\临时文件\光电组新平台\landzoNEW                      #
#                    CCD\build\fire_demo\Debug\Obj\wdog.o" -o                 #
#                    "F:\临时文件\光电组新平台\landzoNEW                      #
#                    CCD\build\fire_demo\Debug\Exe\fire_gpio_demo.out" --map  #
#                    "F:\临时文件\光电组新平台\landzoNEW                      #
#                    CCD\build\fire_demo\Debug\List\fire_gpio_demo.map"       #
#                    --config "F:\临时文件\光电组新平台\landzoNEW             #
#                    CCD\build\fire_demo\..\config                            #
#                    files\fire_ROM_K60N512.icf" --semihosting --entry        #
#                    __iar_program_start --vfe                                #
#                                                                             #
#                                                                             #
###############################################################################

*******************************************************************************
*** RUNTIME MODEL ATTRIBUTES
***

CppFlavor       = *
__SystemLibrary = DLib


*******************************************************************************
*** PLACEMENT SUMMARY
***

"A1":  place at 0x00000000 { ro section .intvec };
"A2":  place at 0x00000410 { ro section .noinit };
"P1":  place in [from 0x00000000 to 0x00040000] { ro, block CodeRelocate };
"P2":  place in [from 0x1fff0410 to 0x20010000] {
          rw, block CodeRelocateRam, block CSTACK, block HEAP };

  Section              Kind        Address    Size  Object
  -------              ----        -------    ----  ------
"A1":                                        0x410
  .intvec              const    0x00000000   0x410  vectors.o [1]
                              - 0x00000410   0x410

"A2":                                         0x3c
  .noinit              ro code  0x00000410    0x3c  crt0.o [1]
                              - 0x0000044c    0x3c

"P1":                                       0x208c
  .text                ro code  0x0000044c   0x55c  printf.o [1]
  .text                ro code  0x000009a8    0x20  stdlib.o [1]
  .text                ro code  0x000009c8   0x520  start.o [1]
  .text                ro code  0x00000ee8    0x38  wdog.o [1]
  .text                ro code  0x00000f20    0xc0  startup.o [1]
  .text                ro code  0x00000fe0    0x5c  sysinit.o [1]
  .text                ro code  0x0000103c   0x188  main.o [1]
  .text                ro code  0x000011c4   0x128  arm_cm4.o [1]
  Veneer               ro code  0x000012ec     0x8  - Linker created -
  .text                ro code  0x000012f4   0x2f4  mcg.o [1]
  .text                ro code  0x000015e8   0x244  uart.o [1]
  .text                ro code  0x0000182c    0xc4  gpio.o [1]
  .text                ro code  0x000018f0    0x70  PIT.o [1]
  .text                ro code  0x00001960    0x18  assert.o [1]
  .text                ro code  0x00001978   0x2ec  isr.o [1]
  .text                ro code  0x00001c64    0xe8  CCD.o [1]
  CodeRelocate                  0x00001d4c    0x50  <Block>
    Initializer bytes  ro data  0x00001d4c    0x50  <for CodeRelocateRam-1>
  .data_init                    0x00001d9c    0x4c  <Block>
    Initializer bytes  ro data  0x00001d9c    0x4c  <for .data-1>
  .text                ro code  0x00001de8    0x22  zero_init3.o [4]
  .rodata              const    0x00001e0c    0x48  assert.o [1]
  .rodata              const    0x00001e54    0x48  start.o [1]
  .rodata              const    0x00001e9c    0x40  gpio.o [1]
  .rodata              const    0x00001edc    0x40  start.o [1]
  .rodata              const    0x00001f1c    0x3c  arm_cm4.o [1]
  .rodata              const    0x00001f58    0x38  arm_cm4.o [1]
  .rodata              const    0x00001f90    0x30  vectors.o [1]
  .rodata              const    0x00001fc0    0x2c  start.o [1]
  .text                ro code  0x00001fec    0x2c  data_init3.o [4]
  .rodata              const    0x00002018    0x28  start.o [1]
  .rodata              const    0x00002040    0x28  start.o [1]
  .iar.init_table      const    0x00002068    0x10  - Linker created -
  .rodata              const    0x00002078    0x20  isr.o [1]
  .rodata              const    0x00002098    0x20  start.o [1]
  .rodata              const    0x000020b8    0x20  start.o [1]
  .rodata              const    0x000020d8    0x20  start.o [1]
  .rodata              const    0x000020f8    0x20  start.o [1]
  .rodata              const    0x00002118    0x20  start.o [1]
  .rodata              const    0x00002138    0x1c  start.o [1]
  .rodata              const    0x00002154    0x1c  start.o [1]
  .rodata              const    0x00002170    0x1c  start.o [1]
  .rodata              const    0x0000218c    0x18  start.o [1]
  .rodata              const    0x000021a4    0x18  start.o [1]
  .rodata              const    0x000021bc    0x18  start.o [1]
  .rodata              const    0x000021d4    0x18  start.o [1]
  .rodata              const    0x000021ec    0x18  start.o [1]
  .rodata              const    0x00002204    0x18  start.o [1]
  .rodata              const    0x0000221c    0x18  start.o [1]
  .rodata              const    0x00002234    0x18  start.o [1]
  .text                ro code  0x0000224c    0x18  vectors.o [1]
  .text                ro code  0x00002264    0x16  cmain.o [4]
  .text                ro code  0x0000227a     0x4  low_level_init.o [3]
  .text                ro code  0x0000227e     0x4  exit.o [3]
  .text                ro code  0x00002284     0xa  cexit.o [4]
  .text                ro code  0x00002290    0x14  exit.o [5]
  .rodata              const    0x000022a4    0x14  isr.o [1]
  .rodata              const    0x000022b8    0x14  isr.o [1]
  .rodata              const    0x000022cc    0x14  start.o [1]
  .rodata              const    0x000022e0    0x14  start.o [1]
  .rodata              const    0x000022f4    0x14  start.o [1]
  .rodata              const    0x00002308    0x14  start.o [1]
  .rodata              const    0x0000231c    0x14  start.o [1]
  .rodata              const    0x00002330    0x14  start.o [1]
  .rodata              const    0x00002344    0x14  start.o [1]
  .rodata              const    0x00002358    0x14  start.o [1]
  .rodata              const    0x0000236c    0x10  isr.o [1]
  .rodata              const    0x0000237c    0x10  start.o [1]
  .rodata              const    0x0000238c    0x10  start.o [1]
  .rodata              const    0x0000239c    0x10  start.o [1]
  .rodata              const    0x000023ac    0x10  start.o [1]
  .rodata              const    0x000023bc    0x10  start.o [1]
  .rodata              const    0x000023cc    0x10  start.o [1]
  .rodata              const    0x000023dc    0x10  start.o [1]
  .rodata              const    0x000023ec    0x10  start.o [1]
  .rodata              const    0x000023fc    0x10  start.o [1]
  .rodata              const    0x0000240c    0x10  start.o [1]
  .rodata              const    0x0000241c    0x10  start.o [1]
  .rodata              const    0x0000242c    0x10  start.o [1]
  .rodata              const    0x0000243c    0x10  start.o [1]
  .text                ro code  0x0000244c    0x10  io.o [1]
  .rodata              const    0x0000245c     0xc  start.o [1]
  .rodata              const    0x00002468     0xc  start.o [1]
  .rodata              const    0x00002474     0xc  start.o [1]
  .rodata              const    0x00002480     0xc  start.o [1]
  .text                ro code  0x0000248c     0xc  cstartup_M.o [4]
  .rodata              const    0x00002498     0x8  start.o [1]
  .rodata              const    0x000024a0     0x8  start.o [1]
  .rodata              const    0x000024a8     0x8  start.o [1]
  .rodata              const    0x000024b0     0x8  start.o [1]
  .rodata              const    0x000024b8     0x8  start.o [1]
  .rodata              const    0x000024c0     0x8  start.o [1]
  .rodata              const    0x000024c8     0x8  start.o [1]
  .rodata              const    0x000024d0     0x8  start.o [1]
  .rodata              const    0x000024d8     0x0  bwt_init3c.o [4]
                              - 0x000024d8  0x208c

"P2", part 1 of 2:                            0x9c
  CodeRelocateRam               0x1fff0410    0x50  <Block>
    CodeRelocateRam-1           0x1fff0410    0x50  <Init block>
      .textrw          inited   0x1fff0410    0x50  mcg.o [1]
  .data                         0x1fff0460    0x4c  <Block>
    .data-1                     0x1fff0460    0x4c  <Init block>
      .data            inited   0x1fff0460     0x1  CCD.o [1]
      .data            inited   0x1fff0464    0x14  gpio.o [1]
      .data            inited   0x1fff0478    0x14  gpio.o [1]
      .data            inited   0x1fff048c     0x8  mcg.o [1]
      .data            inited   0x1fff0494    0x18  uart.o [1]
                              - 0x1fff04ac    0x9c

"P2", part 2 of 2:                           0x178
  .bss                          0x1fff04ac   0x178  <Block>
    .bss               zero     0x1fff04ac    0x34  main.o [1]
    .bss               zero     0x1fff04e0    0x34  main.o [1]
    .bss               zero     0x1fff0514    0x34  main.o [1]
    .bss               zero     0x1fff0548    0x34  main.o [1]
    .bss               zero     0x1fff057c    0x8c  main.o [1]
    .bss               zero     0x1fff0608     0x4  main.o [1]
    .bss               zero     0x1fff060c     0x4  sysinit.o [1]
    .bss               zero     0x1fff0610     0x4  sysinit.o [1]
    .bss               zero     0x1fff0614     0x4  sysinit.o [1]
    .bss               zero     0x1fff0618     0x1  isr.o [1]
    .bss               zero     0x1fff0619     0x1  isr.o [1]
    .bss               zero     0x1fff061a     0x1  isr.o [1]
    .bss               zero     0x1fff061b     0x1  isr.o [1]
    .bss               zero     0x1fff061c     0x1  isr.o [1]
    .bss               zero     0x1fff061d     0x1  isr.o [1]
    .bss               zero     0x1fff061e     0x1  isr.o [1]
    .bss               zero     0x1fff061f     0x1  isr.o [1]
    .bss               zero     0x1fff0620     0x1  isr.o [1]
    .bss               zero     0x1fff0621     0x1  isr.o [1]
    .bss               zero     0x1fff0622     0x1  main.o [1]
    .bss               zero     0x1fff0623     0x1  main.o [1]
                              - 0x1fff0624   0x178


*******************************************************************************
*** INIT TABLE
***

          Address     Size
          -------     ----
Zero (__iar_zero_init3)
    1 destination range, total size 0x178:
          0x1fff04ac  0x178



*******************************************************************************
*** MODULE SUMMARY
***

    Module            ro code  rw code  ro data  rw data
    ------            -------  -------  -------  -------
F:\临时文件\光电组新平台\landzoNEW CCD\build\fire_demo\Debug\Obj: [1]
    CCD.o                 232                 1        1
    PIT.o                 112
    arm_cm4.o             296               116
    assert.o               24                72
    crt0.o                 60
    gpio.o                196               107       40
    io.o                   16
    isr.o                 748                88       10
    main.o                392                        354
    mcg.o                 756       80       88        8
    printf.o            1 372
    start.o             1 312             1 176
    startup.o             192
    stdlib.o               32
    sysinit.o              92                         12
    uart.o                580                24       24
    vectors.o              24             1 088
    wdog.o                 56
    ----------------------------------------------------
    Total:              6 492       80    2 760      449

command line: [2]
    ----------------------------------------------------
    Total:

dl7M_tln.a: [3]
    exit.o                  4
    low_level_init.o        4
    ----------------------------------------------------
    Total:                  8

rt7M_tl.a: [4]
    bwt_init3c.o
    cexit.o                10
    cmain.o                22
    cstartup_M.o           12
    data_init3.o           44
    zero_init3.o           34
    ----------------------------------------------------
    Total:                122

shb_l.a: [5]
    exit.o                 20
    ----------------------------------------------------
    Total:                 20

    Gaps                    4                 2        3
    Linker created          8                16
--------------------------------------------------------
    Grand Total:        6 654       80    2 778      452


*******************************************************************************
*** ENTRY LIST
***

Entry                      Address   Size  Type      Object
-----                      -------   ----  ----      ------
.bss$$Base              0x1fff04ac          --   Gb  - Linker created -
.bss$$Limit             0x1fff0624          --   Gb  - Linker created -
.data$$Base             0x1fff0460          --   Gb  - Linker created -
.data$$Limit            0x1fff04ac          --   Gb  - Linker created -
.data_init$$Base        0x00001d9c          --   Gb  - Linker created -
.data_init$$Limit       0x00001de8          --   Gb  - Linker created -
?main                   0x00002265         Code  Gb  cmain.o [4]
ALastLeftLinAryy        0x1fff0514   0x34  Data  Gb  main.o [1]
ALastRightLinAryy       0x1fff0548   0x34  Data  Gb  main.o [1]
ALeftLineAryy           0x1fff04ac   0x34  Data  Gb  main.o [1]
ARightLineAryy          0x1fff04e0   0x34  Data  Gb  main.o [1]
ASSERT_FAILED_STR       0x00001e0c   0x48  Data  Gb  assert.o [1]
Atem8B0                 0x1fff0623    0x1  Data  Gb  main.o [1]
Atep8B0                 0x1fff0622    0x1  Data  Gb  main.o [1]
CodeRelocate$$Base      0x00001d4c          --   Gb  - Linker created -
CodeRelocate$$Limit     0x00001d9c          --   Gb  - Linker created -
CodeRelocateRam$$Base   0x1fff0410          --   Gb  - Linker created -
CodeRelocateRam$$Limit  0x1fff0460          --   Gb  - Linker created -
DMA_CH0_Handler         0x00001bcb   0x22  Code  Gb  isr.o [1]
DMA_CH4_Handler         0x00001ba3   0x28  Code  Gb  isr.o [1]
DMA_Over_Flg            0x1fff0620    0x1  Data  Gb  isr.o [1]
FTM0_IRQHandler         0x00001b45    0x2  Code  Gb  isr.o [1]
FTM1_IRQHandler         0x00001b47   0x5c  Code  Gb  isr.o [1]
GPIOx                   0x1fff0464   0x14  Data  Gb  gpio.o [1]
HardFault_Handler       0x00001a71    0xa  Code  Gb  isr.o [1]
IntegrationTime         0x1fff0460    0x1  Data  Gb  CCD.o [1]
LPT_Handler             0x00001bed   0x18  Code  Gb  isr.o [1]
LPT_INT_count           0x1fff0621    0x1  Data  Gb  isr.o [1]
PIT0_IRQHandler         0x000019e1   0x8c  Code  Gb  isr.o [1]
PIT1_IRQHandler         0x0000199b   0x46  Code  Gb  isr.o [1]
PIT2_IRQHandler         0x00001b37    0xe  Code  Gb  isr.o [1]
PORTB_IRQHandler        0x00001af7   0x40  Code  Gb  isr.o [1]
PORTD_IRQHandler        0x00001a7b   0x7c  Code  Gb  isr.o [1]
PORTX                   0x1fff0478   0x14  Data  Gb  gpio.o [1]
PendSV_Handler          0x00001a6f    0x2  Code  Gb  isr.o [1]
Pixel                   0x1fff057c   0x8c  Data  Gb  main.o [1]
Region$$Table$$Base     0x00002068          --   Gb  - Linker created -
Region$$Table$$Limit    0x00002078          --   Gb  - Linker created -
Reset_Handler           0x00000411         Code  Gb  crt0.o [1]
SamplingDelay           0x00001d25   0x24  Code  Gb  CCD.o [1]
StartIntegration        0x00001c65   0xbe  Code  Gb  CCD.o [1]
SysTick_Handler         0x00001a6d    0x2  Code  Gb  isr.o [1]
TIME0flag_10ms          0x1fff0619    0x1  Data  Gb  isr.o [1]
TIME0flag_15ms          0x1fff061a    0x1  Data  Gb  isr.o [1]
TIME0flag_20ms          0x1fff061b    0x1  Data  Gb  isr.o [1]
TIME0flag_5ms           0x1fff0618    0x1  Data  Gb  isr.o [1]
TIME0flag_80ms          0x1fff061c    0x1  Data  Gb  isr.o [1]
TIME1flag_1s            0x1fff061d    0x1  Data  Gb  isr.o [1]
TimeCount               0x1fff061e    0x1  Data  Gb  isr.o [1]
UARTx                   0x1fff0494   0x18  Data  Gb  uart.o [1]
USART1_IRQHandler       0x00001979   0x22  Code  Gb  isr.o [1]
__BOOT_STACK_ADDRESS {Abs}
                        0x2000fff8          --   Gb  command line/config [2]
__VECTOR_RAM {Abs}      0x1fff0000          --   Gb  command line/config [2]
__VECTOR_TABLE {Abs}    0x00000000          --   Gb  command line/config [2]
__cmain                 0x00002265         Code  Gb  cmain.o [4]
__code_start__ {Abs}    0x00000410          --   Gb  command line/config [2]
__exit                  0x00002291   0x14  Code  Gb  exit.o [5]
__iar_SB                0x000024d8         Data  Gb  bwt_init3c.o [4]
__iar_data_init3        0x00001fed   0x2c  Code  Gb  data_init3.o [4]
__iar_program_start     0x0000248d         Code  Gb  cstartup_M.o [4]
__iar_zero_init3        0x00001de9   0x22  Code  Gb  zero_init3.o [4]
__low_level_init        0x0000227b    0x4  Code  Gb  low_level_init.o [3]
__vector_table          0x00000000  0x410  Data  Gb  vectors.o [1]
_call_main              0x00002271         Code  Gb  cmain.o [4]
_exit                   0x00002285         Code  Gb  cexit.o [4]
_main                   0x00002277         Code  Gb  cmain.o [4]
assert_failed           0x00001961   0x18  Code  Gb  assert.o [1]
bus_clk_khz             0x1fff0614    0x4  Data  Gb  sysinit.o [1]
common_startup          0x00000f21   0xc0  Code  Gb  startup.o [1]
core_clk_khz            0x1fff060c    0x4  Data  Gb  sysinit.o [1]
core_clk_mhz            0x1fff0610    0x4  Data  Gb  sysinit.o [1]
cpu_identify            0x00000af7  0x20a  Code  Gb  start.o [1]
default_isr             0x0000224d   0x18  Code  Gb  vectors.o [1]
disable_irq             0x0000125f   0x5e  Code  Gb  arm_cm4.o [1]
enable_irq              0x000011cb   0x94  Code  Gb  arm_cm4.o [1]
exit                    0x0000227f    0x4  Code  Gb  exit.o [3]
flash_identify          0x00000d01   0xbe  Code  Gb  start.o [1]
gpio_init               0x0000182d   0xb8  Code  Gb  gpio.o [1]
main                    0x0000103d  0x188  Code  Gb  main.o [1]
mcg_div                 0x1fff048c    0x8  Data  Gb  mcg.o [1]
out_char                0x0000244d   0x10  Code  Gb  io.o [1]
pit_init                0x000018f1   0x62  Code  Gb  PIT.o [1]
pixel_pt                0x1fff0608    0x4  Data  Gb  main.o [1]
pll_init                0x000012f5  0x2f4  Code  Gb  mcg.o [1]
printf                  0x0000097f   0x26  Code  Gb  printf.o [1]
printk                  0x00000575  0x40a  Code  Gb  printf.o [1]
printk_mknumstr         0x0000047f   0xaa  Code  Lc  printf.o [1]
printk_pad_space        0x0000054f   0x26  Code  Lc  printf.o [1]
printk_pad_zero         0x00000529   0x26  Code  Lc  printf.o [1]
printk_putc             0x0000044d   0x32  Code  Lc  printf.o [1]
set_sys_dividers        0x1fff0411   0x50  Code  Gb  mcg.o [1]
start                   0x000009c9  0x12e  Code  Gb  start.o [1]
strlen                  0x000009a9   0x20  Code  Gb  stdlib.o [1]
sysinit                 0x00000fe1   0x48  Code  Gb  sysinit.o [1]
uart_getchar            0x00001797   0x1a  Code  Gb  uart.o [1]
uart_init               0x000015e9  0x1ae  Code  Gb  uart.o [1]
uart_putchar            0x000017b1   0x1a  Code  Gb  uart.o [1]
uart_sendStr            0x000017cb   0x1c  Code  Gb  uart.o [1]
wdog_disable            0x00000ee9   0x16  Code  Gb  wdog.o [1]
wdog_unlock             0x00000f01   0x16  Code  Gb  wdog.o [1]
write_vtor              0x000011c5    0x6  Code  Gb  arm_cm4.o [1]


[1] = F:\临时文件\光电组新平台\landzoNEW CCD\build\fire_demo\Debug\Obj
[2] = command line
[3] = dl7M_tln.a
[4] = rt7M_tl.a
[5] = shb_l.a

  6 654 bytes of readonly  code memory
     80 bytes of readwrite code memory
  2 778 bytes of readonly  data memory
    452 bytes of readwrite data memory

Errors: none
Warnings: none
