###############################################################################
#
# IAR ELF Linker V7.10.1.6676/W32 for ARM                 12/Mar/2016  23:02:59
# Copyright 2007-2014 IAR Systems AB.
#
#    Output file  =  E:\Sirius V2.5\bin\Flash\Exe\Sirius.out
#    Map file     =  E:\Sirius V2.5\bin\Flash\List\Sirius.map
#    Command line =  
#        "E:\Sirius V2.5\bin\Flash\Obj\CameraSet.o" "E:\Sirius
#        V2.5\bin\Flash\Obj\common.o" "E:\Sirius V2.5\bin\Flash\Obj\crt0.o"
#        "E:\Sirius V2.5\bin\Flash\Obj\DMA.o" "E:\Sirius
#        V2.5\bin\Flash\Obj\Ftm.o" "E:\Sirius V2.5\bin\Flash\Obj\gpio.o"
#        "E:\Sirius V2.5\bin\Flash\Obj\ImageGet.o" "E:\Sirius
#        V2.5\bin\Flash\Obj\ImagePro.o" "E:\Sirius V2.5\bin\Flash\Obj\isr.o"
#        "E:\Sirius V2.5\bin\Flash\Obj\light.o" "E:\Sirius
#        V2.5\bin\Flash\Obj\main.o" "E:\Sirius V2.5\bin\Flash\Obj\Pit.o"
#        "E:\Sirius V2.5\bin\Flash\Obj\RunControl.o" "E:\Sirius
#        V2.5\bin\Flash\Obj\SCCB.o" "E:\Sirius V2.5\bin\Flash\Obj\start.o"
#        "E:\Sirius V2.5\bin\Flash\Obj\sysinit.o" "E:\Sirius
#        V2.5\bin\Flash\Obj\uart.o" "E:\Sirius V2.5\bin\Flash\Obj\vectors.o"
#        "E:\Sirius V2.5\bin\Flash\Obj\VirtualScope.o" "E:\Sirius
#        V2.5\bin\Flash\Obj\wdog.o" --redirect _Printf=_PrintfFull --redirect
#        _Scanf=_ScanfFull -o "E:\Sirius V2.5\bin\Flash\Exe\Sirius.out" --map
#        "E:\Sirius V2.5\bin\Flash\List\Sirius.map" --config "E:\Sirius
#        V2.5\src\Project_Settings\Link\Pflash.icf" --semihosting --entry
#        __iar_program_start --vfe
#
###############################################################################

*******************************************************************************
*** RUNTIME MODEL ATTRIBUTES
***

CppFlavor       = *
__SystemLibrary = DLib


*******************************************************************************
*** PLACEMENT SUMMARY
***

"A1":  place at 0x00000000 { ro section .intvec };
"A2":  place at 0x00000410 { ro section .noinit };
"P1":  place in [from 0x00000000 to 0x00080000] { ro, block CodeRelocate };
"P2":  place in [from 0x1fff0410 to 0x20010000] {
          rw, block CodeRelocateRam, block CSTACK, block HEAP };

  Section              Kind        Address    Size  Object
  -------              ----        -------    ----  ------
"A1":                                        0x410
  .intvec              const    0x00000000   0x410  vectors.o [1]
                              - 0x00000410   0x410

"P1", part 1 of 2:                             0x0
  .rodata              const    0x00000410     0x0  zero_init3.o [5]
  CodeRelocate                  0x00000410     0x0  <Block>

"A2":                                         0x3c
  .noinit              ro code  0x00000410    0x3c  crt0.o [1]
                              - 0x0000044c    0x3c

"P1", part 2 of 2:                          0x10f4
  .text                ro code  0x0000044c   0x246  SCCB.o [1]
  .text                ro code  0x00000692    0x22  zero_init3.o [5]
  .text                ro code  0x000006b4   0x224  uart.o [1]
  .text                ro code  0x000008d8   0x184  sysinit.o [1]
  .text                ro code  0x00000a5c   0x170  DMA.o [1]
  .text                ro code  0x00000bcc   0x12a  CameraSet.o [1]
  .text                ro code  0x00000cf6     0x2  vectors.o [1]
  .text                ro code  0x00000cf8   0x128  isr.o [1]
  .text                ro code  0x00000e20    0xa6  gpio.o [1]
  .text                ro code  0x00000ec8   0x118  common.o [1]
  .text                ro code  0x00000fe0    0xa8  ImageGet.o [1]
  .text                ro code  0x00001088    0xcc  main.o [1]
  .text                ro code  0x00001154     0xc  light.o [1]
  .text                ro code  0x00001160    0x6c  Pit.o [1]
  .text                ro code  0x000011cc    0xbc  ImagePro.o [1]
  .text                ro code  0x00001288    0xb0  start.o [1]
  .text                ro code  0x00001338    0x38  wdog.o [1]
  .rodata              const    0x00001370    0x34  ImageGet.o [1]
  .rodata              const    0x000013a4    0x2c  CameraSet.o [1]
  .rodata              const    0x000013d0    0x28  CameraSet.o [1]
  .text                ro code  0x000013f8    0x28  data_init.o [5]
  .iar.init_table      const    0x00001420    0x10  - Linker created -
  .rodata              const    0x00001430    0x20  CameraSet.o [1]
  .text                ro code  0x00001450    0x1a  cmain.o [5]
  .text                ro code  0x0000146a     0x4  low_level_init.o [3]
  .text                ro code  0x0000146e     0x4  exit.o [3]
  .text                ro code  0x00001474     0xa  cexit.o [5]
  .text                ro code  0x00001480    0x14  exit.o [6]
  .rodata              const    0x00001494    0x18  ImageGet.o [1]
  .rodata              const    0x000014ac    0x18  isr.o [1]
  .rodata              const    0x000014c4    0x18  isr.o [1]
  .rodata              const    0x000014dc    0x18  isr.o [1]
  .rodata              const    0x000014f4    0x18  main.o [1]
  .rodata              const    0x0000150c    0x18  main.o [1]
  .text                ro code  0x00001524     0xc  cstartup_M.o [5]
  .rodata              const    0x00001530     0x8  CameraSet.o [1]
  .rodata              const    0x00001538     0x4  ImagePro.o [1]
  .data_init                    0x0000153c     0x4  <Block>
    Initializer bytes  ro data  0x0000153c     0x4  <for .data-1>
                              - 0x00001540  0x10f4

"P2", part 1 of 3:                             0x4
  .data                         0x1fff0410     0x4  <Block>
    .data-1                     0x1fff0410     0x1  <Init block>
      .data            inited   0x1fff0410     0x1  CameraSet.o [1]
                              - 0x1fff0414     0x4

"P2", part 2 of 3:                          0x6f64
  .bss                          0x1fff0414  0x6f64  <Block>
    .bss               zero     0x1fff0414  0x3e80  CameraSet.o [1]
    .bss               zero     0x1fff4294  0x30d4  ImagePro.o [1]
    .bss               zero     0x1fff7368     0x4  sysinit.o [1]
    .bss               zero     0x1fff736c     0x4  sysinit.o [1]
    .bss               zero     0x1fff7370     0x4  sysinit.o [1]
    .bss               zero     0x1fff7374     0x2  ImageGet.o [1]
    .bss               zero     0x1fff7376     0x2  ImageGet.o [1]
                              - 0x1fff7378  0x6f64

"P2", part 3 of 3:                             0x0
  CodeRelocateRam               0x1fff7378     0x0  <Block>


*******************************************************************************
*** INIT TABLE
***

          Address     Size
          -------     ----
Zero (__iar_zero_init3)
    1 destination range, total size 0x6f64:
          0x1fff0414  0x6f64



*******************************************************************************
*** MODULE SUMMARY
***

    Module            ro code  ro data  rw data
    ------            -------  -------  -------
E:\Sirius V2.5\bin\Flash\Obj: [1]
    CameraSet.o           298      125   16 001
    DMA.o                 368
    ImageGet.o            168       76        4
    ImagePro.o            188        4   12 500
    Pit.o                 108
    SCCB.o                582
    common.o              280
    crt0.o                 60
    gpio.o                166
    isr.o                 296       72
    light.o                12
    main.o                204       48
    start.o               176
    sysinit.o             388                12
    uart.o                548
    vectors.o               2    1 040
    wdog.o                 56
    -------------------------------------------
    Total:              3 900    1 365   28 517

command line: [2]
    -------------------------------------------
    Total:

dl7M_tln.a: [3]
    exit.o                  4
    low_level_init.o        4
    -------------------------------------------
    Total:                  8

m7M_tl.a: [4]
    -------------------------------------------
    Total:

rt7M_tl.a: [5]
    cexit.o                10
    cmain.o                26
    cstartup_M.o           12
    data_init.o            40
    zero_init3.o           34
    -------------------------------------------
    Total:                122

shb_l.a: [6]
    exit.o                 20
    -------------------------------------------
    Total:                 20

    Gaps                    6
    Linker created                  19
-----------------------------------------------
    Grand Total:        4 056    1 384   28 517


*******************************************************************************
*** ENTRY LIST
***

Entry                      Address    Size  Type      Object
-----                      -------    ----  ----      ------
.bss$$Base              0x1fff0414           --   Gb  - Linker created -
.bss$$Limit             0x1fff7378           --   Gb  - Linker created -
.data$$Base             0x1fff0410           --   Gb  - Linker created -
.data$$Limit            0x1fff0414           --   Gb  - Linker created -
.data_init$$Base        0x0000153c           --   Gb  - Linker created -
.data_init$$Limit       0x00001540           --   Gb  - Linker created -
?main                   0x00001451          Code  Gb  cmain.o [5]
CameraDelay             0x00000bcd    0x22  Code  Gb  CameraSet.o [1]
CameraInit              0x00000ce1    0x16  Code  Gb  CameraSet.o [1]
CameraPortInit          0x00000bef    0x80  Code  Gb  CameraSet.o [1]
CameraRegInit           0x00000c6f    0x4e  Code  Gb  CameraSet.o [1]
CodeRelocate$$Base      0x00000410           --   Gb  - Linker created -
CodeRelocate$$Limit     0x00000410           --   Gb  - Linker created -
CodeRelocateRam$$Base   0x1fff7378           --   Gb  - Linker created -
CodeRelocateRam$$Limit  0x1fff7378           --   Gb  - Linker created -
DMA0_Isr                0x00000d37    0x40  Code  Gb  isr.o [1]
DMAInit                 0x00000a5d   0x154  Code  Gb  DMA.o [1]
FieldIsr                0x00000fe1    0x42  Code  Gb  ImageGet.o [1]
ImageGet                0x0000104d    0x18  Code  Gb  ImageGet.o [1]
ImageProSend            0x0000126f    0x10  Code  Gb  ImagePro.o [1]
ImgNew                  0x1fff4294  0x30d4  Data  Gb  ImagePro.o [1]
ImgPut                  0x00001221    0x4c  Code  Gb  ImagePro.o [1]
ImgRaw                  0x1fff0414  0x3e80  Data  Gb  CameraSet.o [1]
ImgStatus               0x1fff0410     0x1  Data  Gb  CameraSet.o [1]
LineCount               0x1fff7374     0x2  Data  Gb  ImageGet.o [1]
LineIsr                 0x00001023    0x2a  Code  Gb  ImageGet.o [1]
LineRealCount           0x1fff7376     0x2  Data  Gb  ImageGet.o [1]
LineRealCountVal120_01  0x00001370    0x34  Data  Gb  ImageGet.o [1]
PIT0_Isr                0x00000d17    0x20  Code  Gb  isr.o [1]
PORTA_Isr               0x00000d77    0x16  Code  Gb  isr.o [1]
PORTB_Isr               0x00000d8d    0x16  Code  Gb  isr.o [1]
PORTC_Isr               0x00000da3    0x18  Code  Gb  isr.o [1]
PORTD_Isr               0x00000dbb    0x18  Code  Gb  isr.o [1]
PORTE_Isr               0x00000dd3    0x16  Code  Gb  isr.o [1]
PllInit150M             0x0000094b    0xc6  Code  Gb  sysinit.o [1]
Region$$Table$$Base     0x00001420           --   Gb  - Linker created -
Region$$Table$$Limit    0x00001430           --   Gb  - Linker created -
SCCBDelay               0x000004b5    0x1a  Code  Gb  SCCB.o [1]
SCCBPortInit            0x000004cf    0x4a  Code  Gb  SCCB.o [1]
SCCBSendByte            0x000005e7    0x3c  Code  Gb  SCCB.o [1]
SCCBStart               0x0000052d    0x50  Code  Gb  SCCB.o [1]
SCCBStop                0x0000057d    0x2c  Code  Gb  SCCB.o [1]
SCCBWaitAck             0x000005a9    0x3e  Code  Gb  SCCB.o [1]
SCCBWriteByte           0x0000066b    0x28  Code  Gb  SCCB.o [1]
SCCBWriteByteOne        0x00000623    0x48  Code  Gb  SCCB.o [1]
SCLClear                0x00000461     0xe  Code  Gb  SCCB.o [1]
SCLSet                  0x0000046f     0xe  Code  Gb  SCCB.o [1]
SDAClear                0x00000499     0xe  Code  Gb  SCCB.o [1]
SDAIn                   0x0000047d     0xe  Code  Gb  SCCB.o [1]
SDAOut                  0x0000048b     0xe  Code  Gb  SCCB.o [1]
SDARead                 0x0000044d    0x14  Code  Gb  SCCB.o [1]
SDASet                  0x000004a7     0xe  Code  Gb  SCCB.o [1]
SendImage               0x000011cd    0x4a  Code  Gb  ImagePro.o [1]
__BOOT_STACK_ADDRESS {Abs}
                        0x2000fff8           --   Gb  command line/config [2]
__VECTOR_RAM {Abs}      0x1fff0000           --   Gb  command line/config [2]
__VECTOR_TABLE {Abs}    0x00000000           --   Gb  command line/config [2]
__cmain                 0x00001451          Code  Gb  cmain.o [5]
__exit                  0x00001481    0x14  Code  Gb  exit.o [6]
__iar_data_init3        0x000013f9    0x28  Code  Gb  data_init.o [5]
__iar_program_start     0x00001525          Code  Gb  cstartup_M.o [5]
__iar_zero_init3        0x00000693    0x22  Code  Gb  zero_init3.o [5]
__low_level_init        0x0000146b     0x4  Code  Gb  low_level_init.o [3]
__startup               0x00000411          Code  Gb  crt0.o [1]
__vector_table          0x00000000   0x410  Data  Gb  vectors.o [1]
_call_main              0x0000145d          Code  Gb  cmain.o [5]
_exit                   0x00001475          Code  Gb  cexit.o [5]
_main                   0x00001467          Code  Gb  cmain.o [5]
common_startup          0x0000129d    0x74  Code  Gb  start.o [1]
core_clk_khz            0x1fff7368     0x4  Data  Gb  sysinit.o [1]
core_clk_mhz            0x1fff736c     0x4  Data  Gb  sysinit.o [1]
default_isr             0x00000cf7     0x2  Code  Gb  vectors.o [1]
disable_irq             0x00000f5f    0x5a  Code  Gb  common.o [1]
enable_irq              0x00000ecf    0x90  Code  Gb  common.o [1]
exit                    0x0000146f     0x4  Code  Gb  exit.o [3]
fb_clk_init             0x00000935    0x16  Code  Gb  sysinit.o [1]
gpio_init               0x00000e21    0x7e  Code  Gb  gpio.o [1]
gpio_reverse            0x00000eb9     0xe  Code  Gb  gpio.o [1]
light_init              0x00001155     0xc  Code  Gb  light.o [1]
main                    0x00001089    0xcc  Code  Gb  main.o [1]
periph_clk_khz          0x1fff7370     0x4  Data  Gb  sysinit.o [1]
pit_init                0x00001161    0x5e  Code  Gb  Pit.o [1]
start                   0x00001289    0x14  Code  Gb  start.o [1]
sysinit                 0x000008d9    0x46  Code  Gb  sysinit.o [1]
trace_clk_init          0x0000091f    0x16  Code  Gb  sysinit.o [1]
uart0_isr               0x00000cf9    0x1e  Code  Gb  isr.o [1]
uart_init               0x000006b5   0x17e  Code  Gb  uart.o [1]
uart_re1                0x00000885    0x2c  Code  Gb  uart.o [1]
uart_send1              0x000008b1     0xa  Code  Gb  uart.o [1]
uart_sendN              0x000008bb    0x1e  Code  Gb  uart.o [1]
wdog_disable            0x00001339    0x16  Code  Gb  wdog.o [1]
wdog_unlock             0x00001351    0x16  Code  Gb  wdog.o [1]
write_vtor              0x00000ec9     0x6  Code  Gb  common.o [1]


[1] = E:\Sirius V2.5\bin\Flash\Obj
[2] = command line
[3] = dl7M_tln.a
[4] = m7M_tl.a
[5] = rt7M_tl.a
[6] = shb_l.a

   4 056 bytes of readonly  code memory
   1 384 bytes of readonly  data memory
  28 517 bytes of readwrite data memory

Errors: none
Warnings: none
