###############################################################################
#                                                                             #
# IAR ELF Linker V6.50.6.4896/W32 for ARM               22/May/2014  20:34:11 #
# Copyright 2007-2013 IAR Systems AB.                                         #
#                                                                             #
#    Output file  =  C:\Users\liudawang\Desktop\À¶Öæµç×Ó²¶Ê³ÕßÉãÏñÍ·Ä£¿éÊ¹ÓÃË #
#                    µÃ÷-¡¾¸üĞÂÖÁ2014.5.10¡¿\4À¶Öæµç×Ó²¶Ê³ÕßÉãÏñÍ·ÅäÖÃ³ÌĞò\la #
#                    ndzok60ÉãÏñÍ·ÅäÖÃ³ÌĞòV1.4-Êı×Ö\build\fire_demo\Release\E #
#                    xe\fire_gpio_demo.out                                    #
#    Map file     =  C:\Users\liudawang\Desktop\À¶Öæµç×Ó²¶Ê³ÕßÉãÏñÍ·Ä£¿éÊ¹ÓÃË #
#                    µÃ÷-¡¾¸üĞÂÖÁ2014.5.10¡¿\4À¶Öæµç×Ó²¶Ê³ÕßÉãÏñÍ·ÅäÖÃ³ÌĞò\la #
#                    ndzok60ÉãÏñÍ·ÅäÖÃ³ÌĞòV1.4-Êı×Ö\build\fire_demo\Release\L #
#                    ist\fire_gpio_demo.map                                   #
#    Command line =  C:\Users\liudawang\Desktop\À¶Öæµç×Ó²¶Ê³ÕßÉãÏñÍ·Ä£¿éÊ¹ÓÃË #
#                    µÃ÷-¡¾¸üĞÂÖÁ2014.5.10¡¿\4À¶Öæµç×Ó²¶Ê³ÕßÉãÏñÍ·ÅäÖÃ³ÌĞò\la #
#                    ndzok60ÉãÏñÍ·ÅäÖÃ³ÌĞòV1.4-Êı×Ö\build\fire_demo\Release\O #
#                    bj\AT24C02.o C:\Users\liudawang\Desktop\À¶Öæµç×Ó²¶Ê³ÕßÉã #
#                    ÏñÍ·Ä£¿éÊ¹ÓÃËµÃ÷-¡¾¸üĞÂÖÁ2014.5.10¡¿\4À¶Öæµç×Ó²¶Ê³ÕßÉãÏñ #
#                    Í·ÅäÖÃ³ÌĞò\landzok60ÉãÏñÍ·ÅäÖÃ³ÌĞòV1.4-Êı×Ö\build\fire_d #
#                    emo\Release\Obj\FTM.o C:\Users\liudawang\Desktop\À¶Öæµç× #
#                    Ó²¶Ê³ÕßÉãÏñÍ·Ä£¿éÊ¹ÓÃËµÃ÷-¡¾¸üĞÂÖÁ2014.5.10¡¿\4À¶Öæµç×Ó² #
#                    ¶Ê³ÕßÉãÏñÍ·ÅäÖÃ³ÌĞò\landzok60ÉãÏñÍ·ÅäÖÃ³ÌĞòV1.4-Êı×Ö\bui #
#                    ld\fire_demo\Release\Obj\Landzo.o                        #
#                    C:\Users\liudawang\Desktop\À¶Öæµç×Ó²¶Ê³ÕßÉãÏñÍ·Ä£¿éÊ¹ÓÃË #
#                    µÃ÷-¡¾¸üĞÂÖÁ2014.5.10¡¿\4À¶Öæµç×Ó²¶Ê³ÕßÉãÏñÍ·ÅäÖÃ³ÌĞò\la #
#                    ndzok60ÉãÏñÍ·ÅäÖÃ³ÌĞòV1.4-Êı×Ö\build\fire_demo\Release\O #
#                    bj\PIT.o C:\Users\liudawang\Desktop\À¶Öæµç×Ó²¶Ê³ÕßÉãÏñÍ· #
#                    Ä£¿éÊ¹ÓÃËµÃ÷-¡¾¸üĞÂÖÁ2014.5.10¡¿\4À¶Öæµç×Ó²¶Ê³ÕßÉãÏñÍ·Åä #
#                    ÖÃ³ÌĞò\landzok60ÉãÏñÍ·ÅäÖÃ³ÌĞòV1.4-Êı×Ö\build\fire_demo\ #
#                    Release\Obj\adc.o C:\Users\liudawang\Desktop\À¶Öæµç×Ó²¶Ê #
#                    ³ÕßÉãÏñÍ·Ä£¿éÊ¹ÓÃËµÃ÷-¡¾¸üĞÂÖÁ2014.5.10¡¿\4À¶Öæµç×Ó²¶Ê³Õ #
#                    ßÉãÏñÍ·ÅäÖÃ³ÌĞò\landzok60ÉãÏñÍ·ÅäÖÃ³ÌĞòV1.4-Êı×Ö\build\f #
#                    ire_demo\Release\Obj\alloc.o                             #
#                    C:\Users\liudawang\Desktop\À¶Öæµç×Ó²¶Ê³ÕßÉãÏñÍ·Ä£¿éÊ¹ÓÃË #
#                    µÃ÷-¡¾¸üĞÂÖÁ2014.5.10¡¿\4À¶Öæµç×Ó²¶Ê³ÕßÉãÏñÍ·ÅäÖÃ³ÌĞò\la #
#                    ndzok60ÉãÏñÍ·ÅäÖÃ³ÌĞòV1.4-Êı×Ö\build\fire_demo\Release\O #
#                    bj\arm_cm4.o C:\Users\liudawang\Desktop\À¶Öæµç×Ó²¶Ê³ÕßÉã #
#                    ÏñÍ·Ä£¿éÊ¹ÓÃËµÃ÷-¡¾¸üĞÂÖÁ2014.5.10¡¿\4À¶Öæµç×Ó²¶Ê³ÕßÉãÏñ #
#                    Í·ÅäÖÃ³ÌĞò\landzok60ÉãÏñÍ·ÅäÖÃ³ÌĞòV1.4-Êı×Ö\build\fire_d #
#                    emo\Release\Obj\assert.o C:\Users\liudawang\Desktop\À¶Öæ #
#                    µç×Ó²¶Ê³ÕßÉãÏñÍ·Ä£¿éÊ¹ÓÃËµÃ÷-¡¾¸üĞÂÖÁ2014.5.10¡¿\4À¶Öæµç #
#                    ×Ó²¶Ê³ÕßÉãÏñÍ·ÅäÖÃ³ÌĞò\landzok60ÉãÏñÍ·ÅäÖÃ³ÌĞòV1.4-Êı×Ö\ #
#                    build\fire_demo\Release\Obj\calculation.o                #
#                    C:\Users\liudawang\Desktop\À¶Öæµç×Ó²¶Ê³ÕßÉãÏñÍ·Ä£¿éÊ¹ÓÃË #
#                    µÃ÷-¡¾¸üĞÂÖÁ2014.5.10¡¿\4À¶Öæµç×Ó²¶Ê³ÕßÉãÏñÍ·ÅäÖÃ³ÌĞò\la #
#                    ndzok60ÉãÏñÍ·ÅäÖÃ³ÌĞòV1.4-Êı×Ö\build\fire_demo\Release\O #
#                    bj\crt0.o C:\Users\liudawang\Desktop\À¶Öæµç×Ó²¶Ê³ÕßÉãÏñÍ #
#                    ·Ä£¿éÊ¹ÓÃËµÃ÷-¡¾¸üĞÂÖÁ2014.5.10¡¿\4À¶Öæµç×Ó²¶Ê³ÕßÉãÏñÍ·Å #
#                    äÖÃ³ÌĞò\landzok60ÉãÏñÍ·ÅäÖÃ³ÌĞòV1.4-Êı×Ö\build\fire_demo #
#                    \Release\Obj\delay.o C:\Users\liudawang\Desktop\À¶Öæµç×Ó #
#                    ²¶Ê³ÕßÉãÏñÍ·Ä£¿éÊ¹ÓÃËµÃ÷-¡¾¸üĞÂÖÁ2014.5.10¡¿\4À¶Öæµç×Ó²¶ #
#                    Ê³ÕßÉãÏñÍ·ÅäÖÃ³ÌĞò\landzok60ÉãÏñÍ·ÅäÖÃ³ÌĞòV1.4-Êı×Ö\buil #
#                    d\fire_demo\Release\Obj\dma.o                            #
#                    C:\Users\liudawang\Desktop\À¶Öæµç×Ó²¶Ê³ÕßÉãÏñÍ·Ä£¿éÊ¹ÓÃË #
#                    µÃ÷-¡¾¸üĞÂÖÁ2014.5.10¡¿\4À¶Öæµç×Ó²¶Ê³ÕßÉãÏñÍ·ÅäÖÃ³ÌĞò\la #
#                    ndzok60ÉãÏñÍ·ÅäÖÃ³ÌĞòV1.4-Êı×Ö\build\fire_demo\Release\O #
#                    bj\exti.o C:\Users\liudawang\Desktop\À¶Öæµç×Ó²¶Ê³ÕßÉãÏñÍ #
#                    ·Ä£¿éÊ¹ÓÃËµÃ÷-¡¾¸üĞÂÖÁ2014.5.10¡¿\4À¶Öæµç×Ó²¶Ê³ÕßÉãÏñÍ·Å #
#                    äÖÃ³ÌĞò\landzok60ÉãÏñÍ·ÅäÖÃ³ÌĞòV1.4-Êı×Ö\build\fire_demo #
#                    \Release\Obj\gpio.o C:\Users\liudawang\Desktop\À¶Öæµç×Ó² #
#                    ¶Ê³ÕßÉãÏñÍ·Ä£¿éÊ¹ÓÃËµÃ÷-¡¾¸üĞÂÖÁ2014.5.10¡¿\4À¶Öæµç×Ó²¶Ê #
#                    ³ÕßÉãÏñÍ·ÅäÖÃ³ÌĞò\landzok60ÉãÏñÍ·ÅäÖÃ³ÌĞòV1.4-Êı×Ö\build #
#                    \fire_demo\Release\Obj\i2c.o                             #
#                    C:\Users\liudawang\Desktop\À¶Öæµç×Ó²¶Ê³ÕßÉãÏñÍ·Ä£¿éÊ¹ÓÃË #
#                    µÃ÷-¡¾¸üĞÂÖÁ2014.5.10¡¿\4À¶Öæµç×Ó²¶Ê³ÕßÉãÏñÍ·ÅäÖÃ³ÌĞò\la #
#                    ndzok60ÉãÏñÍ·ÅäÖÃ³ÌĞòV1.4-Êı×Ö\build\fire_demo\Release\O #
#                    bj\io.o C:\Users\liudawang\Desktop\À¶Öæµç×Ó²¶Ê³ÕßÉãÏñÍ·Ä #
#                    £¿éÊ¹ÓÃËµÃ÷-¡¾¸üĞÂÖÁ2014.5.10¡¿\4À¶Öæµç×Ó²¶Ê³ÕßÉãÏñÍ·ÅäÖ #
#                    Ã³ÌĞò\landzok60ÉãÏñÍ·ÅäÖÃ³ÌĞòV1.4-Êı×Ö\build\fire_demo\R #
#                    elease\Obj\isr.o C:\Users\liudawang\Desktop\À¶Öæµç×Ó²¶Ê³ #
#                    ÕßÉãÏñÍ·Ä£¿éÊ¹ÓÃËµÃ÷-¡¾¸üĞÂÖÁ2014.5.10¡¿\4À¶Öæµç×Ó²¶Ê³Õß #
#                    ÉãÏñÍ·ÅäÖÃ³ÌĞò\landzok60ÉãÏñÍ·ÅäÖÃ³ÌĞòV1.4-Êı×Ö\build\fi #
#                    re_demo\Release\Obj\lptmr.o                              #
#                    C:\Users\liudawang\Desktop\À¶Öæµç×Ó²¶Ê³ÕßÉãÏñÍ·Ä£¿éÊ¹ÓÃË #
#                    µÃ÷-¡¾¸üĞÂÖÁ2014.5.10¡¿\4À¶Öæµç×Ó²¶Ê³ÕßÉãÏñÍ·ÅäÖÃ³ÌĞò\la #
#                    ndzok60ÉãÏñÍ·ÅäÖÃ³ÌĞòV1.4-Êı×Ö\build\fire_demo\Release\O #
#                    bj\main.o C:\Users\liudawang\Desktop\À¶Öæµç×Ó²¶Ê³ÕßÉãÏñÍ #
#                    ·Ä£¿éÊ¹ÓÃËµÃ÷-¡¾¸üĞÂÖÁ2014.5.10¡¿\4À¶Öæµç×Ó²¶Ê³ÕßÉãÏñÍ·Å #
#                    äÖÃ³ÌĞò\landzok60ÉãÏñÍ·ÅäÖÃ³ÌĞòV1.4-Êı×Ö\build\fire_demo #
#                    \Release\Obj\mcg.o C:\Users\liudawang\Desktop\À¶Öæµç×Ó²¶ #
#                    Ê³ÕßÉãÏñÍ·Ä£¿éÊ¹ÓÃËµÃ÷-¡¾¸üĞÂÖÁ2014.5.10¡¿\4À¶Öæµç×Ó²¶Ê³ #
#                    ÕßÉãÏñÍ·ÅäÖÃ³ÌĞò\landzok60ÉãÏñÍ·ÅäÖÃ³ÌĞòV1.4-Êı×Ö\build\ #
#                    fire_demo\Release\Obj\memtest.o                          #
#                    C:\Users\liudawang\Desktop\À¶Öæµç×Ó²¶Ê³ÕßÉãÏñÍ·Ä£¿éÊ¹ÓÃË #
#                    µÃ÷-¡¾¸üĞÂÖÁ2014.5.10¡¿\4À¶Öæµç×Ó²¶Ê³ÕßÉãÏñÍ·ÅäÖÃ³ÌĞò\la #
#                    ndzok60ÉãÏñÍ·ÅäÖÃ³ÌĞòV1.4-Êı×Ö\build\fire_demo\Release\O #
#                    bj\printf.o C:\Users\liudawang\Desktop\À¶Öæµç×Ó²¶Ê³ÕßÉãÏ #
#                    ñÍ·Ä£¿éÊ¹ÓÃËµÃ÷-¡¾¸üĞÂÖÁ2014.5.10¡¿\4À¶Öæµç×Ó²¶Ê³ÕßÉãÏñÍ #
#                    ·ÅäÖÃ³ÌĞò\landzok60ÉãÏñÍ·ÅäÖÃ³ÌĞòV1.4-Êı×Ö\build\fire_de #
#                    mo\Release\Obj\queue.o C:\Users\liudawang\Desktop\À¶Öæµç #
#                    ×Ó²¶Ê³ÕßÉãÏñÍ·Ä£¿éÊ¹ÓÃËµÃ÷-¡¾¸üĞÂÖÁ2014.5.10¡¿\4À¶Öæµç×Ó #
#                    ²¶Ê³ÕßÉãÏñÍ·ÅäÖÃ³ÌĞò\landzok60ÉãÏñÍ·ÅäÖÃ³ÌĞòV1.4-Êı×Ö\bu #
#                    ild\fire_demo\Release\Obj\start.o                        #
#                    C:\Users\liudawang\Desktop\À¶Öæµç×Ó²¶Ê³ÕßÉãÏñÍ·Ä£¿éÊ¹ÓÃË #
#                    µÃ÷-¡¾¸üĞÂÖÁ2014.5.10¡¿\4À¶Öæµç×Ó²¶Ê³ÕßÉãÏñÍ·ÅäÖÃ³ÌĞò\la #
#                    ndzok60ÉãÏñÍ·ÅäÖÃ³ÌĞòV1.4-Êı×Ö\build\fire_demo\Release\O #
#                    bj\startup.o C:\Users\liudawang\Desktop\À¶Öæµç×Ó²¶Ê³ÕßÉã #
#                    ÏñÍ·Ä£¿éÊ¹ÓÃËµÃ÷-¡¾¸üĞÂÖÁ2014.5.10¡¿\4À¶Öæµç×Ó²¶Ê³ÕßÉãÏñ #
#                    Í·ÅäÖÃ³ÌĞò\landzok60ÉãÏñÍ·ÅäÖÃ³ÌĞòV1.4-Êı×Ö\build\fire_d #
#                    emo\Release\Obj\stdlib.o C:\Users\liudawang\Desktop\À¶Öæ #
#                    µç×Ó²¶Ê³ÕßÉãÏñÍ·Ä£¿éÊ¹ÓÃËµÃ÷-¡¾¸üĞÂÖÁ2014.5.10¡¿\4À¶Öæµç #
#                    ×Ó²¶Ê³ÕßÉãÏñÍ·ÅäÖÃ³ÌĞò\landzok60ÉãÏñÍ·ÅäÖÃ³ÌĞòV1.4-Êı×Ö\ #
#                    build\fire_demo\Release\Obj\sysinit.o                    #
#                    C:\Users\liudawang\Desktop\À¶Öæµç×Ó²¶Ê³ÕßÉãÏñÍ·Ä£¿éÊ¹ÓÃË #
#                    µÃ÷-¡¾¸üĞÂÖÁ2014.5.10¡¿\4À¶Öæµç×Ó²¶Ê³ÕßÉãÏñÍ·ÅäÖÃ³ÌĞò\la #
#                    ndzok60ÉãÏñÍ·ÅäÖÃ³ÌĞòV1.4-Êı×Ö\build\fire_demo\Release\O #
#                    bj\uart.o C:\Users\liudawang\Desktop\À¶Öæµç×Ó²¶Ê³ÕßÉãÏñÍ #
#                    ·Ä£¿éÊ¹ÓÃËµÃ÷-¡¾¸üĞÂÖÁ2014.5.10¡¿\4À¶Öæµç×Ó²¶Ê³ÕßÉãÏñÍ·Å #
#                    äÖÃ³ÌĞò\landzok60ÉãÏñÍ·ÅäÖÃ³ÌĞòV1.4-Êı×Ö\build\fire_demo #
#                    \Release\Obj\uif.o C:\Users\liudawang\Desktop\À¶Öæµç×Ó²¶ #
#                    Ê³ÕßÉãÏñÍ·Ä£¿éÊ¹ÓÃËµÃ÷-¡¾¸üĞÂÖÁ2014.5.10¡¿\4À¶Öæµç×Ó²¶Ê³ #
#                    ÕßÉãÏñÍ·ÅäÖÃ³ÌĞò\landzok60ÉãÏñÍ·ÅäÖÃ³ÌĞòV1.4-Êı×Ö\build\ #
#                    fire_demo\Release\Obj\vectors.o                          #
#                    C:\Users\liudawang\Desktop\À¶Öæµç×Ó²¶Ê³ÕßÉãÏñÍ·Ä£¿éÊ¹ÓÃË #
#                    µÃ÷-¡¾¸üĞÂÖÁ2014.5.10¡¿\4À¶Öæµç×Ó²¶Ê³ÕßÉãÏñÍ·ÅäÖÃ³ÌĞò\la #
#                    ndzok60ÉãÏñÍ·ÅäÖÃ³ÌĞòV1.4-Êı×Ö\build\fire_demo\Release\O #
#                    bj\wdog.o -o C:\Users\liudawang\Desktop\À¶Öæµç×Ó²¶Ê³ÕßÉã #
#                    ÏñÍ·Ä£¿éÊ¹ÓÃËµÃ÷-¡¾¸üĞÂÖÁ2014.5.10¡¿\4À¶Öæµç×Ó²¶Ê³ÕßÉãÏñ #
#                    Í·ÅäÖÃ³ÌĞò\landzok60ÉãÏñÍ·ÅäÖÃ³ÌĞòV1.4-Êı×Ö\build\fire_d #
#                    emo\Release\Exe\fire_gpio_demo.out --map                 #
#                    C:\Users\liudawang\Desktop\À¶Öæµç×Ó²¶Ê³ÕßÉãÏñÍ·Ä£¿éÊ¹ÓÃË #
#                    µÃ÷-¡¾¸üĞÂÖÁ2014.5.10¡¿\4À¶Öæµç×Ó²¶Ê³ÕßÉãÏñÍ·ÅäÖÃ³ÌĞò\la #
#                    ndzok60ÉãÏñÍ·ÅäÖÃ³ÌĞòV1.4-Êı×Ö\build\fire_demo\Release\L #
#                    ist\fire_gpio_demo.map --config                          #
#                    "C:\Users\liudawang\Desktop\À¶Öæµç×Ó²¶Ê³ÕßÉãÏñÍ·Ä£¿éÊ¹ÓÃ #
#                    ËµÃ÷-¡¾¸üĞÂÖÁ2014.5.10¡¿\4À¶Öæµç×Ó²¶Ê³ÕßÉãÏñÍ·ÅäÖÃ³ÌĞò\l #
#                    andzok60ÉãÏñÍ·ÅäÖÃ³ÌĞòV1.4-Êı×Ö\build\fire_demo\..\confi #
#                    g files\fire_ROM_K60N512.icf" --semihosting --entry      #
#                    __iar_program_start --inline --vfe                       #
#                                                                             #
#                                                                             #
###############################################################################

*******************************************************************************
*** RUNTIME MODEL ATTRIBUTES
***

CppFlavor       = *
__SystemLibrary = DLib


*******************************************************************************
*** PLACEMENT SUMMARY
***

"A1":  place at 0x00000000 { ro section .intvec };
"A2":  place at 0x00000410 { ro section .noinit };
"P1":  place in [from 0x00000000 to 0x00040000] { ro, block CodeRelocate };
"P2":  place in [from 0x1fff0410 to 0x20010000] {
          rw, block CodeRelocateRam, block CSTACK, block HEAP };

  Section              Kind        Address    Size  Object
  -------              ----        -------    ----  ------
"A1":                                        0x410
  .intvec              const    0x00000000   0x410  vectors.o [1]
                              - 0x00000410   0x410

"P1", part 1 of 2:                             0x0
  .rodata              const    0x00000410     0x0  zero_init3.o [4]

"A2":                                         0x3c
  .noinit              ro code  0x00000410    0x3c  crt0.o [1]
                              - 0x0000044c    0x3c

"P1", part 2 of 2:                          0x179c
  .text                ro code  0x0000044c   0x410  printf.o [1]
  .text                ro code  0x0000085c    0x16  stdlib.o [1]
  .text                ro code  0x00000872    0x22  zero_init3.o [4]
  .text                ro code  0x00000894   0x3f8  Landzo.o [1]
  .text                ro code  0x00000c8c    0xa8  gpio.o [1]
  .text                ro code  0x00000d34   0x13c  arm_cm4.o [1]
  .text                ro code  0x00000e70   0x268  isr.o [1]
  .text                ro code  0x000010d8   0x158  uart.o [1]
  .text                ro code  0x00001230   0x1d8  dma.o [1]
  .text                ro code  0x00001408    0x60  assert.o [1]
  Veneer               ro code  0x00001468     0x8  - Linker created -
  .text                ro code  0x00001470   0x1c4  mcg.o [1]
  .text                ro code  0x00001634   0x19c  main.o [1]
  .text                ro code  0x000017d0    0x40  calculation.o [1]
  .text                ro code  0x00001810    0x44  PIT.o [1]
  .data_init                    0x00001854   0x12c  <Block>
    Initializer bytes  ro data  0x00001854   0x12c  <for .data-1>
  .text                ro code  0x00001980    0x84  startup.o [1]
  .text                ro code  0x00001a04    0x56  ABImemcpy.o [4]
  .text                ro code  0x00001a5c    0x44  sysinit.o [1]
  .text                ro code  0x00001aa0    0x40  vectors.o [1]
  CodeRelocate                  0x00001ae0    0x3c  <Block>
    Initializer bytes  ro data  0x00001ae0    0x3c  <for CodeRelocateRam-1>
  .text                ro code  0x00001b1c    0x30  wdog.o [1]
  .text                ro code  0x00001b4c    0x28  data_init.o [4]
  .iar.init_table      const    0x00001b74    0x10  - Linker created -
  .text                ro code  0x00001b84    0x16  cmain.o [4]
  .text                ro code  0x00001b9a     0x4  exit.o [3]
  .text                ro code  0x00001ba0     0xa  cexit.o [4]
  .text                ro code  0x00001bac    0x14  exit.o [5]
  .text                ro code  0x00001bc0    0x14  start.o [1]
  .text                ro code  0x00001bd4     0xc  cstartup_M.o [4]
  .text                ro code  0x00001be0     0x8  io.o [1]
                              - 0x00001be8  0x179c

"P2", part 1 of 2:                           0x168
  .data                         0x1fff0410   0x12c  <Block>
    .data-1                     0x1fff0410   0x12c  <Init block>
      .data            inited   0x1fff0410    0xd4  Landzo.o [1]
      .data            inited   0x1fff04e4    0x28  gpio.o [1]
      .data            inited   0x1fff050c    0x10  isr.o [1]
      .data            inited   0x1fff051c     0x8  mcg.o [1]
      .data            inited   0x1fff0524    0x18  uart.o [1]
  CodeRelocateRam               0x1fff053c    0x3c  <Block>
    CodeRelocateRam-1           0x1fff053c    0x3c  <Init block>
      .textrw          inited   0x1fff053c    0x3c  mcg.o [1]
                              - 0x1fff0578   0x168

"P2", part 2 of 2:                          0x1fc5
  .bss                          0x1fff0578  0x1fc5  <Block>
    .bss               zero     0x1fff0578  0x1fb0  main.o [1]
    .bss               zero     0x1fff2528     0xc  sysinit.o [1]
    .bss               zero     0x1fff2534     0x6  isr.o [1]
    .bss               zero     0x1fff253a     0x1  isr.o [1]
    .bss               zero     0x1fff253b     0x1  isr.o [1]
    .bss               zero     0x1fff253c     0x1  isr.o [1]
                              - 0x1fff253d  0x1fc5


*******************************************************************************
*** INIT TABLE
***

          Address     Size
          -------     ----
Zero (__iar_zero_init3)
    1 destination range, total size 0x1fc5:
          0x1fff0578  0x1fc5



*******************************************************************************
*** MODULE SUMMARY
***

    Module          ro code  rw code  ro data  rw data
    ------          -------  -------  -------  -------
C:\Users\liudawang\Desktop\À¶Öæµç×Ó²¶Ê³ÕßÉãÏñÍ·Ä£¿éÊ¹ÓÃËµÃ÷-¡¾¸üĞÂÖÁ2014.5.10¡¿\4À¶Öæµç×Ó²¶Ê³ÕßÉãÏñÍ·ÅäÖÃ³ÌĞò\landzok60ÉãÏñÍ·ÅäÖÃ³ÌĞòV1.4-Êı×Ö\build\fire_demo\Release\Obj: [1]
    Landzo.o          1 016               212      212
    PIT.o                68
    arm_cm4.o           316
    assert.o             96
    calculation.o        64
    crt0.o               60
    dma.o               472
    gpio.o              168                40       40
    io.o                  8
    isr.o               616                16       25
    main.o              412                      8 112
    mcg.o               452       60       68        8
    printf.o          1 040
    start.o              20
    startup.o           132
    stdlib.o             22
    sysinit.o            68                         12
    uart.o              344                24       24
    vectors.o            64             1 040
    wdog.o               48
    --------------------------------------------------
    Total:            5 486       60    1 400    8 433

command line: [2]
    --------------------------------------------------
    Total:

dl7M_tln.a: [3]
    exit.o                4
    --------------------------------------------------
    Total:                4

rt7M_tl.a: [4]
    ABImemcpy.o          86
    cexit.o              10
    cmain.o              22
    cstartup_M.o         12
    data_init.o          40
    zero_init3.o         34
    --------------------------------------------------
    Total:              204

shb_l.a: [5]
    exit.o               20
    --------------------------------------------------
    Total:               20

    Gaps                  6
    Linker created        8                16
------------------------------------------------------
    Grand Total:      5 728       60    1 416    8 433


*******************************************************************************
*** ENTRY LIST
***

Entry                      Address    Size  Type      Object
-----                      -------    ----  ----      ------
.bss$$Base              0x1fff0578           --   Gb  - Linker created -
.bss$$Limit             0x1fff253d           --   Gb  - Linker created -
.data$$Base             0x1fff0410           --   Gb  - Linker created -
.data$$Limit            0x1fff053c           --   Gb  - Linker created -
.data_init$$Base        0x00001854           --   Gb  - Linker created -
.data_init$$Limit       0x00001980           --   Gb  - Linker created -
?main                   0x00001b85          Code  Gb  cmain.o [4]
ADdata                  0x1fff0778  0x1db0  Data  Gb  main.o [1]
ALineOverCout           0x1fff0578     0x1  Data  Gb  main.o [1]
ASSERT_FAILED_STR       0x00001420    0x48  Data  Gb  assert.o [1]
AcqAryy                 0x1fff0514     0x8  Data  Gb  isr.o [1]
AcqFlg                  0x1fff050d     0x1  Data  Gb  isr.o [1]
Atemp0                  0x1fff057a     0x2  Data  Gb  main.o [1]
BFDly_ms                0x00000895    0x3e  Code  Gb  Landzo.o [1]
BFdelay_1us             0x000008d3    0x36  Code  Gb  Landzo.o [1]
BUFF                    0x1fff0584   0x1f4  Data  Gb  main.o [1]
CCD_INC                 0x000017d1    0x40  Code  Gb  calculation.o [1]
CodeRelocate$$Base      0x00001ae0           --   Gb  - Linker created -
CodeRelocate$$Limit     0x00001b1c           --   Gb  - Linker created -
CodeRelocateRam$$Base   0x1fff053c           --   Gb  - Linker created -
CodeRelocateRam$$Limit  0x1fff0578           --   Gb  - Linker created -
DMA_CH0_Handler         0x00001019    0x1e  Code  Gb  isr.o [1]
DMA_CH4_Handler         0x00000ff7    0x22  Code  Gb  isr.o [1]
DMA_Over_Flg            0x1fff253b     0x1  Data  Gb  isr.o [1]
DMA_PORTx2BUFF_Init     0x00001231   0x16e  Code  Gb  dma.o [1]
FTM0_IRQHandler         0x00000fc9     0x2  Code  Gb  isr.o [1]
FTM1_IRQHandler         0x00000fcb    0x2c  Code  Gb  isr.o [1]
GPIOx                   0x1fff04e4    0x14  Data  Gb  gpio.o [1]
HardFault_Handler       0x00000efb     0xe  Code  Gb  isr.o [1]
IICSendByte             0x00000a09    0x74  Code  Gb  Landzo.o [1]
IICWriteGpio_inint      0x00000ba1     0x4  Code  Gb  Landzo.o [1]
IICreceiveByte          0x00000a7d    0x62  Code  Gb  Landzo.o [1]
LPT_Handler             0x00001037    0x14  Code  Gb  isr.o [1]
LPT_INT_count           0x1fff253c     0x1  Data  Gb  isr.o [1]
LandzoIICEEROM_INIT     0x00000bcd    0xb6  Code  Gb  Landzo.o [1]
LandzoRAM               0x1fff0410    0xd4  Data  Gb  Landzo.o [1]
LinADCout               0x1fff050c     0x1  Data  Gb  isr.o [1]
LinCout                 0x1fff050e     0x2  Data  Gb  isr.o [1]
PIT0_IRQHandler         0x00000ea5    0x52  Code  Gb  isr.o [1]
PIT1_IRQHandler         0x00000e93    0x12  Code  Gb  isr.o [1]
PIT2_IRQHandler         0x00000fbd     0xc  Code  Gb  isr.o [1]
PORTB_IRQHandler        0x00000f9d    0x20  Code  Gb  isr.o [1]
PORTD_IRQHandler        0x00000f09    0x94  Code  Gb  isr.o [1]
PORTX                   0x1fff04f8    0x14  Data  Gb  gpio.o [1]
PendSV_Handler          0x00000ef9     0x2  Code  Gb  isr.o [1]
Region$$Table$$Base     0x00001b74           --   Gb  - Linker created -
Region$$Table$$Limit    0x00001b84           --   Gb  - Linker created -
Reset_Handler           0x00000411          Code  Gb  crt0.o [1]
SysTick_Handler         0x00000ef7     0x2  Code  Gb  isr.o [1]
TIME0flag_10ms          0x1fff2535     0x1  Data  Gb  isr.o [1]
TIME0flag_15ms          0x1fff2536     0x1  Data  Gb  isr.o [1]
TIME0flag_20ms          0x1fff2537     0x1  Data  Gb  isr.o [1]
TIME0flag_5ms           0x1fff2534     0x1  Data  Gb  isr.o [1]
TIME0flag_80ms          0x1fff2538     0x1  Data  Gb  isr.o [1]
TIME1flag_1s            0x1fff253a     0x1  Data  Gb  isr.o [1]
TimeCount               0x1fff2539     0x1  Data  Gb  isr.o [1]
UARTx                   0x1fff0524    0x18  Data  Gb  uart.o [1]
USART1_IRQHandler       0x00000e71    0x22  Code  Gb  isr.o [1]
__BOOT_STACK_ADDRESS {Abs}
                        0x2000fff8           --   Gb  command line/config [2]
__VECTOR_RAM {Abs}      0x1fff0000           --   Gb  command line/config [2]
__VECTOR_TABLE {Abs}    0x00000000           --   Gb  command line/config [2]
__aeabi_memcpy4         0x00001a05          Code  Gb  ABImemcpy.o [4]
__aeabi_memcpy8         0x00001a05          Code  Gb  ABImemcpy.o [4]
__cmain                 0x00001b85          Code  Gb  cmain.o [4]
__code_start__ {Abs}    0x00000410           --   Gb  command line/config [2]
__exit                  0x00001bad    0x14  Code  Gb  exit.o [5]
__iar_data_init3        0x00001b4d    0x28  Code  Gb  data_init.o [4]
__iar_program_start     0x00001bd5          Code  Gb  cstartup_M.o [4]
__iar_zero_init3        0x00000873    0x22  Code  Gb  zero_init3.o [4]
__vector_table          0x00000000   0x410  Data  Gb  vectors.o [1]
_call_main              0x00001b91          Code  Gb  cmain.o [4]
_exit                   0x00001ba1          Code  Gb  cexit.o [4]
_main                   0x00001b97          Code  Gb  cmain.o [4]
assert_failed           0x00001409    0x16  Code  Gb  assert.o [1]
bus_clk_khz             0x1fff2530     0x4  Data  Gb  sysinit.o [1]
check_ACK               0x000009b3    0x56  Code  Gb  Landzo.o [1]
checkflg                0x1fff0579     0x1  Data  Gb  main.o [1]
common_startup          0x00001981    0x84  Code  Gb  startup.o [1]
core_clk_khz            0x1fff2528     0x4  Data  Gb  sysinit.o [1]
core_clk_mhz            0x1fff252c     0x4  Data  Gb  sysinit.o [1]
default_isr             0x00001aa1     0xc  Code  Gb  vectors.o [1]
disable_irq             0x00000d99    0x52  Code  Gb  arm_cm4.o [1]
enable_irq              0x00000d3b    0x5e  Code  Gb  arm_cm4.o [1]
exit                    0x00001b9b     0x4  Code  Gb  exit.o [3]
finger                  0x1fff057c     0x4  Data  Gb  main.o [1]
finger1                 0x1fff0580     0x4  Data  Gb  main.o [1]
gpio_Interrupt_init     0x00000c8d    0x4e  Code  Gb  gpio.o [1]
gpio_init               0x00000cdb    0x56  Code  Gb  gpio.o [1]
iic_start               0x00000909    0x30  Code  Gb  Landzo.o [1]
iic_stop                0x00000939     0x4  Code  Gb  Landzo.o [1]
linarrycot              0x1fff0510     0x4  Data  Gb  isr.o [1]
main                    0x00001635   0x19c  Code  Gb  main.o [1]
mcg_div                 0x1fff051c     0x8  Data  Gb  mcg.o [1]
out_char                0x00001be1     0x8  Code  Gb  io.o [1]
pit_init                0x00001811    0x14  Code  Gb  PIT.o [1]
pll_init                0x00001471   0x1c4  Code  Gb  mcg.o [1]
printf                  0x00000839    0x1e  Code  Gb  printf.o [1]
printk                  0x000004db   0x35e  Code  Gb  printf.o [1]
printk_mknumstr         0x00000477    0x64  Code  Lc  printf.o [1]
printk_putc             0x0000044d    0x2a  Code  Lc  printf.o [1]
receiveNbyte            0x00000b1f    0x82  Code  Gb  Landzo.o [1]
set_sys_dividers        0x1fff053d    0x3c  Code  Gb  mcg.o [1]
slave_ACK               0x0000093d     0x2  Code  Gb  Landzo.o [1]
slave_NOACK             0x0000097b    0x38  Code  Gb  Landzo.o [1]
start                   0x00001bc1    0x14  Code  Gb  start.o [1]
strlen                  0x0000085d    0x16  Code  Gb  stdlib.o [1]
sysinit                 0x00001a5d    0x3c  Code  Gb  sysinit.o [1]
uart_getchar            0x000011d1    0x10  Code  Gb  uart.o [1]
uart_init               0x000010d9    0xf8  Code  Gb  uart.o [1]
uart_putchar            0x000011e1    0x14  Code  Gb  uart.o [1]
uart_sendStr            0x000011f5    0x1a  Code  Gb  uart.o [1]
wdog_disable            0x00001b1d    0x14  Code  Gb  wdog.o [1]
wdog_unlock             0x00001b31    0x14  Code  Gb  wdog.o [1]
writeNbyte              0x00000adf    0x40  Code  Gb  Landzo.o [1]
write_vtor              0x00000d35     0x6  Code  Gb  arm_cm4.o [1]


[1] = C:\Users\liudawang\Desktop\À¶Öæµç×Ó²¶Ê³ÕßÉãÏñÍ·Ä£¿éÊ¹ÓÃËµÃ÷-¡¾¸üĞÂÖÁ2014.5.10¡¿\4À¶Öæµç×Ó²¶Ê³ÕßÉãÏñÍ·ÅäÖÃ³ÌĞò\landzok60ÉãÏñÍ·ÅäÖÃ³ÌĞòV1.4-Êı×Ö\build\fire_demo\Release\Obj
[2] = command line
[3] = dl7M_tln.a
[4] = rt7M_tl.a
[5] = shb_l.a

  5 728 bytes of readonly  code memory
     60 bytes of readwrite code memory
  1 416 bytes of readonly  data memory
  8 433 bytes of readwrite data memory

Errors: none
Warnings: none
