###############################################################################
#                                                                             #
# IAR ELF Linker V6.30.1.53127/W32 for ARM              09/Dec/2014  13:51:42 #
# Copyright 2007-2011 IAR Systems AB.                                         #
#                                                                             #
#    Output file  =  D:\IAR_TEST\Sirius\Sirius V2.3.5                         #
#                    66ms\bin\Ram\Exe\Sirius.out                              #
#    Map file     =  D:\IAR_TEST\Sirius\Sirius V2.3.5                         #
#                    66ms\bin\Ram\List\Sirius.map                             #
#    Command line =  "D:\IAR_TEST\Sirius\Sirius V2.3.5                        #
#                    66ms\bin\Ram\Obj\CameraSet.o"                            #
#                    "D:\IAR_TEST\Sirius\Sirius V2.3.5                        #
#                    66ms\bin\Ram\Obj\DMA.o" "D:\IAR_TEST\Sirius\Sirius       #
#                    V2.3.5  66ms\bin\Ram\Obj\Ftm.o"                          #
#                    "D:\IAR_TEST\Sirius\Sirius V2.3.5                        #
#                    66ms\bin\Ram\Obj\ImageGet.o" "D:\IAR_TEST\Sirius\Sirius  #
#                    V2.3.5  66ms\bin\Ram\Obj\ImagePro.o"                     #
#                    "D:\IAR_TEST\Sirius\Sirius V2.3.5                        #
#                    66ms\bin\Ram\Obj\Pit.o" "D:\IAR_TEST\Sirius\Sirius       #
#                    V2.3.5  66ms\bin\Ram\Obj\RunControl.o"                   #
#                    "D:\IAR_TEST\Sirius\Sirius V2.3.5                        #
#                    66ms\bin\Ram\Obj\SCCB.o" "D:\IAR_TEST\Sirius\Sirius      #
#                    V2.3.5  66ms\bin\Ram\Obj\SD.o"                           #
#                    "D:\IAR_TEST\Sirius\Sirius V2.3.5                        #
#                    66ms\bin\Ram\Obj\VirtualScope.o"                         #
#                    "D:\IAR_TEST\Sirius\Sirius V2.3.5                        #
#                    66ms\bin\Ram\Obj\common.o" "D:\IAR_TEST\Sirius\Sirius    #
#                    V2.3.5  66ms\bin\Ram\Obj\crt0.o"                         #
#                    "D:\IAR_TEST\Sirius\Sirius V2.3.5                        #
#                    66ms\bin\Ram\Obj\diskio.o" "D:\IAR_TEST\Sirius\Sirius    #
#                    V2.3.5  66ms\bin\Ram\Obj\ff.o"                           #
#                    "D:\IAR_TEST\Sirius\Sirius V2.3.5                        #
#                    66ms\bin\Ram\Obj\gpio.o" "D:\IAR_TEST\Sirius\Sirius      #
#                    V2.3.5  66ms\bin\Ram\Obj\isr.o"                          #
#                    "D:\IAR_TEST\Sirius\Sirius V2.3.5                        #
#                    66ms\bin\Ram\Obj\light.o" "D:\IAR_TEST\Sirius\Sirius     #
#                    V2.3.5  66ms\bin\Ram\Obj\main.o"                         #
#                    "D:\IAR_TEST\Sirius\Sirius V2.3.5                        #
#                    66ms\bin\Ram\Obj\myprintp.o" "D:\IAR_TEST\Sirius\Sirius  #
#                    V2.3.5  66ms\bin\Ram\Obj\sd_driver.o"                    #
#                    "D:\IAR_TEST\Sirius\Sirius V2.3.5                        #
#                    66ms\bin\Ram\Obj\spi.o" "D:\IAR_TEST\Sirius\Sirius       #
#                    V2.3.5  66ms\bin\Ram\Obj\start.o"                        #
#                    "D:\IAR_TEST\Sirius\Sirius V2.3.5                        #
#                    66ms\bin\Ram\Obj\sysinit.o" "D:\IAR_TEST\Sirius\Sirius   #
#                    V2.3.5  66ms\bin\Ram\Obj\uart.o"                         #
#                    "D:\IAR_TEST\Sirius\Sirius V2.3.5                        #
#                    66ms\bin\Ram\Obj\vectors.o" "D:\IAR_TEST\Sirius\Sirius   #
#                    V2.3.5  66ms\bin\Ram\Obj\wdog.o" --redirect              #
#                    _Printf=_PrintfFull --redirect _Scanf=_ScanfFull -o      #
#                    "D:\IAR_TEST\Sirius\Sirius V2.3.5                        #
#                    66ms\bin\Ram\Exe\Sirius.out" --map                       #
#                    "D:\IAR_TEST\Sirius\Sirius V2.3.5                        #
#                    66ms\bin\Ram\List\Sirius.map" --config                   #
#                    "D:\IAR_TEST\Sirius\Sirius V2.3.5                        #
#                    66ms\src\Project_Settings\Link\Ram.icf" --semihosting    #
#                    --entry __iar_program_start --vfe                        #
#                                                                             #
#                                                                             #
###############################################################################

*******************************************************************************
*** RUNTIME MODEL ATTRIBUTES
***

CppFlavor       = *
__SystemLibrary = DLib


*******************************************************************************
*** PLACEMENT SUMMARY
***

"A1":  place at 0x1fff0000 { ro section .intvec };
"A2":  place at 0x1fff0410 { ro section .noinit };
"P1":  place in [from 0x1fff0000 to 0x20010000] { ro, block CodeRelocate };
"P2":  place in [from 0x1fff0000 to 0x20010000] {
          rw, block CodeRelocateRam, block CSTACK, block HEAP };

  Section              Kind        Address    Size  Object
  -------              ----        -------    ----  ------
"A1":                                        0x410
  .intvec              const    0x1fff0000   0x410  vectors.o [1]
                              - 0x1fff0410   0x410

"A2":                                         0x3c
  .noinit              ro code  0x1fff0410    0x3c  crt0.o [1]
                              - 0x1fff044c    0x3c

"P1":                                       0x1174
  .text                ro code  0x1fff044c   0x246  SCCB.o [1]
  .text                ro code  0x1fff0692    0x22  zero_init3.o [5]
  .text                ro code  0x1fff06b4   0x218  uart.o [1]
  .text                ro code  0x1fff08cc   0x184  sysinit.o [1]
  .text                ro code  0x1fff0a50   0x170  DMA.o [1]
  .text                ro code  0x1fff0bc0   0x166  CameraSet.o [1]
  .text                ro code  0x1fff0d26     0x2  vectors.o [1]
  .text                ro code  0x1fff0d28   0x128  isr.o [1]
  .text                ro code  0x1fff0e50    0xa6  gpio.o [1]
  .text                ro code  0x1fff0ef8   0x118  common.o [1]
  .text                ro code  0x1fff1010    0xa8  ImageGet.o [1]
  .text                ro code  0x1fff10b8    0xcc  main.o [1]
  .text                ro code  0x1fff1184     0xc  light.o [1]
  .text                ro code  0x1fff1190    0x6c  Pit.o [1]
  .text                ro code  0x1fff11fc    0xbc  ImagePro.o [1]
  .text                ro code  0x1fff12b8    0xb0  start.o [1]
  .text                ro code  0x1fff1368    0x38  wdog.o [1]
  .rodata              const    0x1fff13a0    0x34  ImageGet.o [1]
  .rodata              const    0x1fff13d4    0x2c  CameraSet.o [1]
  .text                ro code  0x1fff1400    0x2c  data_init3.o [5]
  .rodata              const    0x1fff142c    0x28  CameraSet.o [1]
  .rodata              const    0x1fff1454    0x28  CameraSet.o [1]
  .rodata              const    0x1fff147c    0x28  CameraSet.o [1]
  .iar.init_table      const    0x1fff14a4    0x10  - Linker created -
  .rodata              const    0x1fff14b4    0x20  CameraSet.o [1]
  .rodata              const    0x1fff14d4    0x18  ImageGet.o [1]
  .rodata              const    0x1fff14ec    0x18  isr.o [1]
  .rodata              const    0x1fff1504    0x18  isr.o [1]
  .rodata              const    0x1fff151c    0x18  isr.o [1]
  .rodata              const    0x1fff1534    0x18  main.o [1]
  .rodata              const    0x1fff154c    0x18  main.o [1]
  .text                ro code  0x1fff1564    0x16  cmain.o [5]
  .text                ro code  0x1fff157a     0x4  low_level_init.o [3]
  .text                ro code  0x1fff157e     0x4  exit.o [3]
  .text                ro code  0x1fff1584     0xa  cexit.o [5]
  .text                ro code  0x1fff1590    0x14  exit.o [6]
  .text                ro code  0x1fff15a4     0xc  cstartup_M.o [5]
  .rodata              const    0x1fff15b0     0x8  CameraSet.o [1]
  .rodata              const    0x1fff15b8     0x4  ImagePro.o [1]
  .data_init                    0x1fff15bc     0x4  <Block>
    Initializer bytes  ro data  0x1fff15bc     0x4  <for .data-1>
  .rodata              const    0x1fff15c0     0x0  bwt_init3c.o [5]
                              - 0x1fff15c0  0x1174

"P2", part 1 of 2:                             0x4
  .data                         0x1fff15c0     0x4  <Block>
    .data-1                     0x1fff15c0     0x1  <Init block>
      .data            inited   0x1fff15c0     0x1  CameraSet.o [1]
                              - 0x1fff15c4     0x4

"P2", part 2 of 2:                          0x6f64
  .bss                          0x1fff15c4  0x6f64  <Block>
    .bss               zero     0x1fff15c4  0x3e80  CameraSet.o [1]
    .bss               zero     0x1fff5444  0x30d4  ImagePro.o [1]
    .bss               zero     0x1fff8518     0x4  sysinit.o [1]
    .bss               zero     0x1fff851c     0x4  sysinit.o [1]
    .bss               zero     0x1fff8520     0x4  sysinit.o [1]
    .bss               zero     0x1fff8524     0x2  ImageGet.o [1]
    .bss               zero     0x1fff8526     0x2  ImageGet.o [1]
                              - 0x1fff8528  0x6f64


*******************************************************************************
*** INIT TABLE
***

          Address     Size
          -------     ----
Zero (__iar_zero_init3)
    1 destination range, total size 0x6f64:
          0x1fff15c4  0x6f64



*******************************************************************************
*** MODULE SUMMARY
***

    Module            ro code  ro data  rw data
    ------            -------  -------  -------
D:\IAR_TEST\Sirius\Sirius V2.3.5  66ms\bin\Ram\Obj: [1]
    CameraSet.o           358      205   16 001
    DMA.o                 368
    ImageGet.o            168       76        4
    ImagePro.o            188        4   12 500
    Pit.o                 108
    SCCB.o                582
    common.o              280
    crt0.o                 60
    gpio.o                166
    isr.o                 296       72
    light.o                12
    main.o                204       48
    start.o               176
    sysinit.o             388                12
    uart.o                536
    vectors.o               2    1 040
    wdog.o                 56
    -------------------------------------------
    Total:              3 948    1 445   28 517

command line: [2]
    -------------------------------------------
    Total:

dl7M_tln.a: [3]
    exit.o                  4
    low_level_init.o        4
    -------------------------------------------
    Total:                  8

m7M_tl.a: [4]
    -------------------------------------------
    Total:

rt7M_tl.a: [5]
    bwt_init3c.o
    cexit.o                10
    cmain.o                22
    cstartup_M.o           12
    data_init3.o           44
    zero_init3.o           34
    -------------------------------------------
    Total:                122

shb_l.a: [6]
    exit.o                 20
    -------------------------------------------
    Total:                 20

    Gaps                    6                 3
    Linker created                  19
-----------------------------------------------
    Grand Total:        4 104    1 464   28 520


*******************************************************************************
*** ENTRY LIST
***

Entry                      Address    Size  Type      Object
-----                      -------    ----  ----      ------
.bss$$Base              0x1fff15c4           --   Gb  - Linker created -
.bss$$Limit             0x1fff8528           --   Gb  - Linker created -
.data$$Base             0x1fff15c0           --   Gb  - Linker created -
.data$$Limit            0x1fff15c4           --   Gb  - Linker created -
.data_init$$Base        0x1fff15bc           --   Gb  - Linker created -
.data_init$$Limit       0x1fff15c0           --   Gb  - Linker created -
?main                   0x1fff1565          Code  Gb  cmain.o [5]
CameraDelay             0x1fff0bc1    0x22  Code  Gb  CameraSet.o [1]
CameraInit              0x1fff0d11    0x16  Code  Gb  CameraSet.o [1]
CameraPortInit          0x1fff0be3    0x80  Code  Gb  CameraSet.o [1]
CameraRegInit           0x1fff0c63    0x82  Code  Gb  CameraSet.o [1]
CodeRelocate$$Base      0x00000000           --   Gb  - Linker created -
CodeRelocate$$Limit     0x00000000           --   Gb  - Linker created -
CodeRelocateRam$$Base   0x00000000           --   Gb  - Linker created -
DMA0_Isr                0x1fff0d67    0x40  Code  Gb  isr.o [1]
DMAInit                 0x1fff0a51   0x154  Code  Gb  DMA.o [1]
FieldIsr                0x1fff1011    0x42  Code  Gb  ImageGet.o [1]
ImageGet                0x1fff107d    0x18  Code  Gb  ImageGet.o [1]
ImageProSend            0x1fff129d    0x10  Code  Gb  ImagePro.o [1]
ImgNew                  0x1fff5444  0x30d4  Data  Gb  ImagePro.o [1]
ImgPut                  0x1fff1251    0x4c  Code  Gb  ImagePro.o [1]
ImgRaw                  0x1fff15c4  0x3e80  Data  Gb  CameraSet.o [1]
ImgStatus               0x1fff15c0     0x1  Data  Gb  CameraSet.o [1]
LineCount               0x1fff8524     0x2  Data  Gb  ImageGet.o [1]
LineIsr                 0x1fff1053    0x2a  Code  Gb  ImageGet.o [1]
LineRealCount           0x1fff8526     0x2  Data  Gb  ImageGet.o [1]
LineRealCountVal120_01  0x1fff13a0    0x34  Data  Gb  ImageGet.o [1]
PIT0_Isr                0x1fff0d47    0x20  Code  Gb  isr.o [1]
PORTA_Isr               0x1fff0da7    0x16  Code  Gb  isr.o [1]
PORTB_Isr               0x1fff0dbd    0x16  Code  Gb  isr.o [1]
PORTC_Isr               0x1fff0dd3    0x18  Code  Gb  isr.o [1]
PORTD_Isr               0x1fff0deb    0x18  Code  Gb  isr.o [1]
PORTE_Isr               0x1fff0e03    0x16  Code  Gb  isr.o [1]
PllInit150M             0x1fff093f    0xc6  Code  Gb  sysinit.o [1]
Region$$Table$$Base     0x1fff14a4           --   Gb  - Linker created -
Region$$Table$$Limit    0x1fff14b4           --   Gb  - Linker created -
SCCBDelay               0x1fff04b5    0x1a  Code  Gb  SCCB.o [1]
SCCBPortInit            0x1fff04cf    0x4a  Code  Gb  SCCB.o [1]
SCCBSendByte            0x1fff05e7    0x3c  Code  Gb  SCCB.o [1]
SCCBStart               0x1fff052d    0x50  Code  Gb  SCCB.o [1]
SCCBStop                0x1fff057d    0x2c  Code  Gb  SCCB.o [1]
SCCBWaitAck             0x1fff05a9    0x3e  Code  Gb  SCCB.o [1]
SCCBWriteByte           0x1fff066b    0x28  Code  Gb  SCCB.o [1]
SCCBWriteByteOne        0x1fff0623    0x48  Code  Gb  SCCB.o [1]
SCLClear                0x1fff0461     0xe  Code  Gb  SCCB.o [1]
SCLSet                  0x1fff046f     0xe  Code  Gb  SCCB.o [1]
SDAClear                0x1fff0499     0xe  Code  Gb  SCCB.o [1]
SDAIn                   0x1fff047d     0xe  Code  Gb  SCCB.o [1]
SDAOut                  0x1fff048b     0xe  Code  Gb  SCCB.o [1]
SDARead                 0x1fff044d    0x14  Code  Gb  SCCB.o [1]
SDASet                  0x1fff04a7     0xe  Code  Gb  SCCB.o [1]
SendImage               0x1fff11fd    0x4a  Code  Gb  ImagePro.o [1]
__BOOT_STACK_ADDRESS {Abs}
                        0x2000fff8           --   Gb  command line/config [2]
__VECTOR_RAM {Abs}      0x1fff0000           --   Gb  command line/config [2]
__VECTOR_TABLE {Abs}    0x1fff0000           --   Gb  command line/config [2]
__cmain                 0x1fff1565          Code  Gb  cmain.o [5]
__exit                  0x1fff1591    0x14  Code  Gb  exit.o [6]
__iar_SB                0x1fff15c0          Data  Gb  bwt_init3c.o [5]
__iar_data_init3        0x1fff1401    0x2c  Code  Gb  data_init3.o [5]
__iar_program_start     0x1fff15a5          Code  Gb  cstartup_M.o [5]
__iar_zero_init3        0x1fff0693    0x22  Code  Gb  zero_init3.o [5]
__low_level_init        0x1fff157b     0x4  Code  Gb  low_level_init.o [3]
__startup               0x1fff0411          Code  Gb  crt0.o [1]
__vector_table          0x1fff0000   0x410  Data  Gb  vectors.o [1]
_call_main              0x1fff1571          Code  Gb  cmain.o [5]
_exit                   0x1fff1585          Code  Gb  cexit.o [5]
_main                   0x1fff1577          Code  Gb  cmain.o [5]
common_startup          0x1fff12cd    0x74  Code  Gb  start.o [1]
core_clk_khz            0x1fff8518     0x4  Data  Gb  sysinit.o [1]
core_clk_mhz            0x1fff851c     0x4  Data  Gb  sysinit.o [1]
default_isr             0x1fff0d27     0x2  Code  Gb  vectors.o [1]
disable_irq             0x1fff0f8f    0x5a  Code  Gb  common.o [1]
enable_irq              0x1fff0eff    0x90  Code  Gb  common.o [1]
exit                    0x1fff157f     0x4  Code  Gb  exit.o [3]
fb_clk_init             0x1fff0929    0x16  Code  Gb  sysinit.o [1]
gpio_init               0x1fff0e51    0x80  Code  Gb  gpio.o [1]
gpio_reverse            0x1fff0ee9     0xe  Code  Gb  gpio.o [1]
light_init              0x1fff1185     0xc  Code  Gb  light.o [1]
main                    0x1fff10b9    0xcc  Code  Gb  main.o [1]
periph_clk_khz          0x1fff8520     0x4  Data  Gb  sysinit.o [1]
pit_init                0x1fff1191    0x5e  Code  Gb  Pit.o [1]
start                   0x1fff12b9    0x14  Code  Gb  start.o [1]
sysinit                 0x1fff08cd    0x46  Code  Gb  sysinit.o [1]
trace_clk_init          0x1fff0913    0x16  Code  Gb  sysinit.o [1]
uart0_isr               0x1fff0d29    0x1e  Code  Gb  isr.o [1]
uart_init               0x1fff06b5   0x174  Code  Gb  uart.o [1]
uart_re1                0x1fff0879    0x2c  Code  Gb  uart.o [1]
uart_send1              0x1fff08a5     0xa  Code  Gb  uart.o [1]
uart_sendN              0x1fff08af    0x1e  Code  Gb  uart.o [1]
wdog_disable            0x1fff1369    0x16  Code  Gb  wdog.o [1]
wdog_unlock             0x1fff1381    0x16  Code  Gb  wdog.o [1]
write_vtor              0x1fff0ef9     0x6  Code  Gb  common.o [1]


[1] = D:\IAR_TEST\Sirius\Sirius V2.3.5  66ms\bin\Ram\Obj
[2] = command line
[3] = dl7M_tln.a
[4] = m7M_tl.a
[5] = rt7M_tl.a
[6] = shb_l.a

   4 104 bytes of readonly  code memory
   1 464 bytes of readonly  data memory
  28 520 bytes of readwrite data memory

Errors: none
Warnings: none
