###############################################################################
#
# IAR ELF Linker V7.20.2.7424/W32 for ARM                 01/May/2016  18:22:53
# Copyright 2007-2014 IAR Systems AB.
#
#    Output file  =  I:\L3D\build\fire_demo\Debug\Exe\fire_gpio_demo.out
#    Map file     =  I:\L3D\build\fire_demo\Debug\List\fire_gpio_demo.map
#    Command line =  
#        I:\L3D\build\fire_demo\Debug\Obj\adc.o
#        I:\L3D\build\fire_demo\Debug\Obj\alloc.o
#        I:\L3D\build\fire_demo\Debug\Obj\arm_cm4.o
#        I:\L3D\build\fire_demo\Debug\Obj\assert.o
#        I:\L3D\build\fire_demo\Debug\Obj\AT24C02.o
#        I:\L3D\build\fire_demo\Debug\Obj\calculation.o
#        I:\L3D\build\fire_demo\Debug\Obj\crt0.o
#        I:\L3D\build\fire_demo\Debug\Obj\delay.o
#        I:\L3D\build\fire_demo\Debug\Obj\dma.o
#        I:\L3D\build\fire_demo\Debug\Obj\exti.o
#        I:\L3D\build\fire_demo\Debug\Obj\FTM.o
#        I:\L3D\build\fire_demo\Debug\Obj\gpio.o
#        I:\L3D\build\fire_demo\Debug\Obj\i2c.o
#        I:\L3D\build\fire_demo\Debug\Obj\ImagePro.o
#        I:\L3D\build\fire_demo\Debug\Obj\io.o
#        I:\L3D\build\fire_demo\Debug\Obj\isr.o
#        I:\L3D\build\fire_demo\Debug\Obj\Landzo.o
#        I:\L3D\build\fire_demo\Debug\Obj\lptmr.o
#        I:\L3D\build\fire_demo\Debug\Obj\main.o
#        I:\L3D\build\fire_demo\Debug\Obj\mcg.o
#        I:\L3D\build\fire_demo\Debug\Obj\memtest.o
#        I:\L3D\build\fire_demo\Debug\Obj\PIT.o
#        I:\L3D\build\fire_demo\Debug\Obj\printf.o
#        I:\L3D\build\fire_demo\Debug\Obj\queue.o
#        I:\L3D\build\fire_demo\Debug\Obj\RunControl.o
#        I:\L3D\build\fire_demo\Debug\Obj\start.o
#        I:\L3D\build\fire_demo\Debug\Obj\startup.o
#        I:\L3D\build\fire_demo\Debug\Obj\stdlib.o
#        I:\L3D\build\fire_demo\Debug\Obj\sysinit.o
#        I:\L3D\build\fire_demo\Debug\Obj\uart.o
#        I:\L3D\build\fire_demo\Debug\Obj\uif.o
#        I:\L3D\build\fire_demo\Debug\Obj\vectors.o
#        I:\L3D\build\fire_demo\Debug\Obj\wdog.o -o
#        I:\L3D\build\fire_demo\Debug\Exe\fire_gpio_demo.out --map
#        I:\L3D\build\fire_demo\Debug\List\fire_gpio_demo.map --config
#        "I:\L3D\build\fire_demo\..\config files\fire_ROM_K60N512.icf"
#        --semihosting --entry __iar_program_start --vfe
#
###############################################################################

*******************************************************************************
*** RUNTIME MODEL ATTRIBUTES
***

CppFlavor       = *
__SystemLibrary = DLib


*******************************************************************************
*** PLACEMENT SUMMARY
***

"A1":  place at 0x00000000 { ro section .intvec };
"A2":  place at 0x00000410 { ro section .noinit };
"P1":  place in [from 0x00000000 to 0x00040000] { ro, block CodeRelocate };
"P2":  place in [from 0x1fff0410 to 0x20010000] {
          rw, block CodeRelocateRam, block CSTACK, block HEAP };

  Section              Kind        Address    Size  Object
  -------              ----        -------    ----  ------
"A1":                                        0x410
  .intvec              const    0x00000000   0x410  vectors.o [1]
                              - 0x00000410   0x410

"P1", part 1 of 2:                             0x0
  .rodata              const    0x00000410     0x0  zero_init3.o [5]

"A2":                                         0x3c
  .noinit              ro code  0x00000410    0x3c  crt0.o [1]
                              - 0x0000044c    0x3c

"P1", part 2 of 2:                          0x6b64
  .text                ro code  0x0000044c  0x2874  ImagePro.o [1]
  .text                ro code  0x00002cc0   0x268  uart.o [1]
  .text                ro code  0x00002f28    0x1c  I32ToDbl.o [4]
  .text                ro code  0x00002f44   0x1a2  DblMul.o [4]
  .text                ro code  0x000030e6    0x22  zero_init3.o [5]
  .text                ro code  0x00003108    0x4c  DblToI32.o [4]
  .text                ro code  0x00003154    0x32  I32ToFlt.o [4]
  .text                ro code  0x00003188    0xfc  FltDiv.o [4]
  .text                ro code  0x00003284    0xd8  FltMul.o [4]
  .text                ro code  0x0000335c    0xe6  FltSub.o [4]
  .text                ro code  0x00003444    0x24  FltCmpGe.o [4]
  .text                ro code  0x00003468    0x84  FltAdd.o [4]
  .text                ro code  0x000034ec    0x44  FltToS32.o [4]
  .text                ro code  0x00003530    0x4e  FltToDbl.o [4]
  .text                ro code  0x00003580    0xe8  DblAdd.o [4]
  .text                ro code  0x00003668    0x90  DblToFlt.o [4]
  .text                ro code  0x000036f8   0x16c  DblSub.o [4]
  .text                ro code  0x00003864   0x710  FTM.o [1]
  .text                ro code  0x00003f74    0x18  assert.o [1]
  .text                ro code  0x00003f8c   0x128  arm_cm4.o [1]
  .text                ro code  0x000040b4   0x564  printf.o [1]
  .text                ro code  0x00004618    0x20  stdlib.o [1]
  .text                ro code  0x00004638   0x5e4  Landzo.o [1]
  .text                ro code  0x00004c1c   0x1cc  gpio.o [1]
  .text                ro code  0x00004de8   0x520  start.o [1]
  .text                ro code  0x00005308    0x38  wdog.o [1]
  .text                ro code  0x00005340    0xc0  startup.o [1]
  .text                ro code  0x00005400    0x5c  sysinit.o [1]
  .text                ro code  0x0000545c   0x1d4  main.o [1]
  Veneer               ro code  0x00005630     0x8  - Linker created -
  .text                ro code  0x00005638   0x2f4  mcg.o [1]
  .text                ro code  0x0000592c   0x390  calculation.o [1]
  .text                ro code  0x00005cbc    0x70  PIT.o [1]
  .text                ro code  0x00005d2c   0x318  dma.o [1]
  .text                ro code  0x00006044   0x440  isr.o [1]
  .text                ro code  0x00006484    0x24  delay.o [1]
  .data_init                    0x000064a8   0x144  <Block>
    Initializer bytes  ro data  0x000064a8   0x144  <for .data-1> (used: 0x140)
  .rodata              const    0x000065ec    0x50  calculation.o [1]
  CodeRelocate                  0x0000663c    0x50  <Block>
    Initializer bytes  ro data  0x0000663c    0x50  <for CodeRelocateRam-1>
  .rodata              const    0x0000668c    0x48  assert.o [1]
  .rodata              const    0x000066d4    0x48  start.o [1]
  .rodata              const    0x0000671c    0x40  start.o [1]
  .rodata              const    0x0000675c    0x3c  arm_cm4.o [1]
  .rodata              const    0x00006798    0x38  arm_cm4.o [1]
  .rodata              const    0x000067d0    0x34  ImagePro.o [1]
  .rodata              const    0x00006804    0x30  vectors.o [1]
  .rodata              const    0x00006834    0x2c  ImagePro.o [1]
  .rodata              const    0x00006860    0x2c  ImagePro.o [1]
  .rodata              const    0x0000688c    0x2c  start.o [1]
  .rodata              const    0x000068b8    0x28  start.o [1]
  .rodata              const    0x000068e0    0x28  start.o [1]
  .text                ro code  0x00006908    0x28  data_init.o [5]
  .rodata              const    0x00006930    0x24  dma.o [1]
  .rodata              const    0x00006954    0x24  FTM.o [1]
  .rodata              const    0x00006978    0x24  gpio.o [1]
  .iar.init_table      const    0x0000699c    0x10  - Linker created -
  .rodata              const    0x000069ac    0x20  ImagePro.o [1]
  .rodata              const    0x000069cc    0x20  ImagePro.o [1]
  .rodata              const    0x000069ec    0x20  isr.o [1]
  .rodata              const    0x00006a0c    0x20  start.o [1]
  .rodata              const    0x00006a2c    0x20  start.o [1]
  .rodata              const    0x00006a4c    0x20  start.o [1]
  .rodata              const    0x00006a6c    0x20  start.o [1]
  .rodata              const    0x00006a8c    0x20  start.o [1]
  .rodata              const    0x00006aac    0x1c  ImagePro.o [1]
  .rodata              const    0x00006ac8    0x1c  ImagePro.o [1]
  .rodata              const    0x00006ae4    0x1c  start.o [1]
  .rodata              const    0x00006b00    0x1c  start.o [1]
  .rodata              const    0x00006b1c    0x1c  start.o [1]
  .text                ro code  0x00006b38    0x1a  cmain.o [5]
  .text                ro code  0x00006b52     0x4  low_level_init.o [3]
  .text                ro code  0x00006b56     0x4  exit.o [3]
  .text                ro code  0x00006b5c     0xa  cexit.o [5]
  .text                ro code  0x00006b68    0x14  exit.o [6]
  .rodata              const    0x00006b7c    0x18  ImagePro.o [1]
  .rodata              const    0x00006b94    0x18  ImagePro.o [1]
  .rodata              const    0x00006bac    0x18  ImagePro.o [1]
  .rodata              const    0x00006bc4    0x18  ImagePro.o [1]
  .rodata              const    0x00006bdc    0x18  isr.o [1]
  .rodata              const    0x00006bf4    0x18  main.o [1]
  .rodata              const    0x00006c0c    0x18  main.o [1]
  .rodata              const    0x00006c24    0x18  main.o [1]
  .rodata              const    0x00006c3c    0x18  start.o [1]
  .rodata              const    0x00006c54    0x18  start.o [1]
  .rodata              const    0x00006c6c    0x18  start.o [1]
  .rodata              const    0x00006c84    0x18  start.o [1]
  .rodata              const    0x00006c9c    0x18  start.o [1]
  .rodata              const    0x00006cb4    0x18  start.o [1]
  .rodata              const    0x00006ccc    0x18  start.o [1]
  .rodata              const    0x00006ce4    0x18  start.o [1]
  .text                ro code  0x00006cfc    0x18  vectors.o [1]
  .rodata              const    0x00006d14    0x14  ImagePro.o [1]
  .rodata              const    0x00006d28    0x14  isr.o [1]
  .rodata              const    0x00006d3c    0x14  isr.o [1]
  .rodata              const    0x00006d50    0x14  main.o [1]
  .rodata              const    0x00006d64    0x14  main.o [1]
  .rodata              const    0x00006d78    0x14  main.o [1]
  .rodata              const    0x00006d8c    0x14  start.o [1]
  .rodata              const    0x00006da0    0x14  start.o [1]
  .rodata              const    0x00006db4    0x14  start.o [1]
  .rodata              const    0x00006dc8    0x14  start.o [1]
  .rodata              const    0x00006ddc    0x14  start.o [1]
  .rodata              const    0x00006df0    0x14  start.o [1]
  .rodata              const    0x00006e04    0x14  start.o [1]
  .rodata              const    0x00006e18    0x14  start.o [1]
  .rodata              const    0x00006e2c    0x10  isr.o [1]
  .rodata              const    0x00006e3c    0x10  start.o [1]
  .rodata              const    0x00006e4c    0x10  start.o [1]
  .rodata              const    0x00006e5c    0x10  start.o [1]
  .rodata              const    0x00006e6c    0x10  start.o [1]
  .rodata              const    0x00006e7c    0x10  start.o [1]
  .rodata              const    0x00006e8c    0x10  start.o [1]
  .rodata              const    0x00006e9c    0x10  start.o [1]
  .rodata              const    0x00006eac    0x10  start.o [1]
  .rodata              const    0x00006ebc    0x10  start.o [1]
  .rodata              const    0x00006ecc    0x10  start.o [1]
  .rodata              const    0x00006edc    0x10  start.o [1]
  .rodata              const    0x00006eec    0x10  start.o [1]
  .rodata              const    0x00006efc    0x10  start.o [1]
  .text                ro code  0x00006f0c    0x10  io.o [1]
  .rodata              const    0x00006f1c     0xc  calculation.o [1]
  .rodata              const    0x00006f28     0xc  main.o [1]
  .rodata              const    0x00006f34     0xc  start.o [1]
  .rodata              const    0x00006f40     0xc  start.o [1]
  .rodata              const    0x00006f4c     0xc  start.o [1]
  .rodata              const    0x00006f58     0xc  start.o [1]
  .text                ro code  0x00006f64     0xc  cstartup_M.o [5]
  .rodata              const    0x00006f70     0x8  start.o [1]
  .rodata              const    0x00006f78     0x8  start.o [1]
  .rodata              const    0x00006f80     0x8  start.o [1]
  .rodata              const    0x00006f88     0x8  start.o [1]
  .rodata              const    0x00006f90     0x8  start.o [1]
  .rodata              const    0x00006f98     0x8  start.o [1]
  .rodata              const    0x00006fa0     0x8  start.o [1]
  .rodata              const    0x00006fa8     0x8  start.o [1]
                              - 0x00006fb0  0x6b64

"P2":                                       0x3919
  .data                         0x1fff0410   0x140  <Block>
    .data-1                     0x1fff0410   0x140  <Init block>
      .data            inited   0x1fff0410     0x2  calculation.o [1]
      .data            inited   0x1fff0412     0x2  calculation.o [1]
      .data            inited   0x1fff0414     0x4  calculation.o [1]
      .data            inited   0x1fff0418     0x4  calculation.o [1]
      .data            inited   0x1fff041c     0x4  calculation.o [1]
      .data            inited   0x1fff0420     0x4  calculation.o [1]
      .data            inited   0x1fff0424     0xc  FTM.o [1]
      .data            inited   0x1fff0430    0x14  gpio.o [1]
      .data            inited   0x1fff0444    0x14  gpio.o [1]
      .data            inited   0x1fff0458     0x1  ImagePro.o [1]
      .data            inited   0x1fff0459     0x1  ImagePro.o [1]
      .data            inited   0x1fff045a     0x1  ImagePro.o [1]
      .data            inited   0x1fff045c    0xd4  Landzo.o [1]
      .data            inited   0x1fff0530     0x8  mcg.o [1]
      .data            inited   0x1fff0538    0x18  uart.o [1]
  CodeRelocateRam               0x1fff0550    0x50  <Block>
    CodeRelocateRam-1           0x1fff0550    0x50  <Init block>
      .textrw          inited   0x1fff0550    0x50  mcg.o [1]
  .bss                          0x1fff05a0  0x3789  <Block>
    .bss               zero     0x1fff05a0  0x1b58  ImagePro.o [1]
    .bss               zero     0x1fff20f8    0x34  ImagePro.o [1]
    .bss               zero     0x1fff212c    0x34  ImagePro.o [1]
    .bss               zero     0x1fff2160    0x34  ImagePro.o [1]
    .bss               zero     0x1fff2194  0x1b58  main.o [1]
    .bss               zero     0x1fff3cec     0x4  sysinit.o [1]
    .bss               zero     0x1fff3cf0     0x4  sysinit.o [1]
    .bss               zero     0x1fff3cf4     0x4  sysinit.o [1]
    .bss               zero     0x1fff3cf8     0x2  calculation.o [1]
    .bss               zero     0x1fff3cfa     0x2  calculation.o [1]
    .bss               zero     0x1fff3cfc     0x2  calculation.o [1]
    .bss               zero     0x1fff3cfe     0x2  calculation.o [1]
    .bss               zero     0x1fff3d00     0x2  calculation.o [1]
    .bss               zero     0x1fff3d02     0x2  calculation.o [1]
    .bss               zero     0x1fff3d04     0x2  calculation.o [1]
    .bss               zero     0x1fff3d06     0x2  calculation.o [1]
    .bss               zero     0x1fff3d08     0x2  calculation.o [1]
    .bss               zero     0x1fff3d0a     0x2  calculation.o [1]
    .bss               zero     0x1fff3d0c     0x2  calculation.o [1]
    .bss               zero     0x1fff3d0e     0x2  calculation.o [1]
    .bss               zero     0x1fff3d10     0x2  calculation.o [1]
    .bss               zero     0x1fff3d12     0x2  calculation.o [1]
    .bss               zero     0x1fff3d14     0x2  isr.o [1]
    .bss               zero     0x1fff3d16     0x2  isr.o [1]
    .bss               zero     0x1fff3d18     0x2  isr.o [1]
    .bss               zero     0x1fff3d1a     0x1  ImagePro.o [1]
    .bss               zero     0x1fff3d1b     0x1  ImagePro.o [1]
    .bss               zero     0x1fff3d1c     0x1  ImagePro.o [1]
    .bss               zero     0x1fff3d1d     0x1  ImagePro.o [1]
    .bss               zero     0x1fff3d1e     0x1  ImagePro.o [1]
    .bss               zero     0x1fff3d1f     0x1  isr.o [1]
    .bss               zero     0x1fff3d20     0x1  isr.o [1]
    .bss               zero     0x1fff3d21     0x1  isr.o [1]
    .bss               zero     0x1fff3d22     0x1  isr.o [1]
    .bss               zero     0x1fff3d23     0x1  isr.o [1]
    .bss               zero     0x1fff3d24     0x1  isr.o [1]
    .bss               zero     0x1fff3d25     0x1  isr.o [1]
    .bss               zero     0x1fff3d26     0x1  isr.o [1]
    .bss               zero     0x1fff3d27     0x1  main.o [1]
    .bss               zero     0x1fff3d28     0x1  main.o [1]
                              - 0x1fff3d29  0x3919


*******************************************************************************
*** INIT TABLE
***

          Address     Size
          -------     ----
Zero (__iar_zero_init3)
    1 destination range, total size 0x3789:
          0x1fff05a0  0x3789



*******************************************************************************
*** MODULE SUMMARY
***

    Module            ro code  rw code  ro data  rw data
    ------            -------  -------  -------  -------
I:\L3D\build\fire_demo\Debug\Obj: [1]
    FTM.o               1 808                48       12
    ImagePro.o         10 356               379    7 164
    Landzo.o            1 508               213      212
    PIT.o                 112
    arm_cm4.o             296               116
    assert.o               24                72
    calculation.o         912               112       48
    crt0.o                 60
    delay.o                36
    dma.o                 792                36
    gpio.o                460                76       40
    io.o                   16
    isr.o               1 088               112       14
    main.o                468               144    7 002
    mcg.o                 756       80       88        8
    printf.o            1 380
    start.o             1 312             1 176
    startup.o             192
    stdlib.o               32
    sysinit.o              92                         12
    uart.o                616                24       24
    vectors.o              24             1 088
    wdog.o                 56
    ----------------------------------------------------
    Total:             22 396       80    3 684   14 536

command line: [2]
    ----------------------------------------------------
    Total:

dl7M_tln.a: [3]
    exit.o                  4
    low_level_init.o        4
    ----------------------------------------------------
    Total:                  8

m7M_tl.a: [4]
    DblAdd.o              232
    DblMul.o              418
    DblSub.o              364
    DblToFlt.o            144
    DblToI32.o             76
    FltAdd.o              132
    FltCmpGe.o             36
    FltDiv.o              252
    FltMul.o              216
    FltSub.o              230
    FltToDbl.o             78
    FltToS32.o             68
    I32ToDbl.o             28
    I32ToFlt.o             50
    ----------------------------------------------------
    Total:              2 324

rt7M_tl.a: [5]
    cexit.o                10
    cmain.o                26
    cstartup_M.o           12
    data_init.o            40
    zero_init3.o           34
    ----------------------------------------------------
    Total:                122

shb_l.a: [6]
    exit.o                 20
    ----------------------------------------------------
    Total:                 20

    Gaps                   10                          1
    Linker created          8                20
--------------------------------------------------------
    Grand Total:       24 888       80    3 704   14 537


*******************************************************************************
*** ENTRY LIST
***

Entry                      Address    Size  Type      Object
-----                      -------    ----  ----      ------
.bss$$Base              0x1fff05a0           --   Gb  - Linker created -
.bss$$Limit             0x1fff3d29           --   Gb  - Linker created -
.data$$Base             0x1fff0410           --   Gb  - Linker created -
.data$$Limit            0x1fff0550           --   Gb  - Linker created -
.data_init$$Base        0x000064a8           --   Gb  - Linker created -
.data_init$$Limit       0x000065ec           --   Gb  - Linker created -
?main                   0x00006b39          Code  Gb  cmain.o [5]
ADdata                  0x1fff2194  0x1b58  Data  Gb  main.o [1]
ASSERT_FAILED_STR       0x0000668c    0x48  Data  Gb  assert.o [1]
AbsNum                  0x0000044d    0x12  Code  Gb  ImagePro.o [1]
AverageFilter           0x00002761    0x6a  Code  Gb  ImagePro.o [1]
BFDly_ms                0x00004639    0x4e  Code  Gb  Landzo.o [1]
BFdelay_1us             0x00004687    0x46  Code  Gb  Landzo.o [1]
BWDiff                  0x1fff045a     0x1  Data  Gb  ImagePro.o [1]
BlackLineGet            0x0000256f   0x162  Code  Gb  ImagePro.o [1]
BlackPoint              0x1fff0458     0x1  Data  Gb  ImagePro.o [1]
BoundLimit              0x0000047d    0x24  Code  Gb  ImagePro.o [1]
CCD_INC                 0x0000592d    0x34  Code  Gb  calculation.o [1]
CenterLine              0x1fff20f8    0x34  Data  Gb  ImagePro.o [1]
CenterLineDone          0x1fff3d1a     0x1  Data  Gb  ImagePro.o [1]
CenterLineGet           0x000027cb   0x2e8  Code  Gb  ImagePro.o [1]
CodeRelocate$$Base      0x0000663c           --   Gb  - Linker created -
CodeRelocate$$Limit     0x0000668c           --   Gb  - Linker created -
CodeRelocateRam$$Base   0x1fff0550           --   Gb  - Linker created -
CodeRelocateRam$$Limit  0x1fff05a0           --   Gb  - Linker created -
Control                 0x00005c21    0x34  Code  Gb  calculation.o [1]
CountTemp               0x1fff3cf8     0x2  Data  Gb  calculation.o [1]
DCMoto_init             0x00005961    0x2a  Code  Gb  calculation.o [1]
DMA_CH0_Handler         0x000063d9    0x22  Code  Gb  isr.o [1]
DMA_CH4_Handler         0x000063b7    0x22  Code  Gb  isr.o [1]
DMA_Over_Flg            0x1fff3d26     0x1  Data  Gb  isr.o [1]
DMA_PORTx2BUFF_Init     0x00005d2d   0x2de  Code  Gb  dma.o [1]
DirectionErrorMan       0x1fff3cfc     0x2  Data  Gb  calculation.o [1]
DirectionPIDcontrol     0x00005bb3    0x54  Code  Gb  calculation.o [1]
DirectionTransmitter    0x00005a77   0x13c  Code  Gb  calculation.o [1]
FTM0_IRQHandler         0x0000632f     0x2  Code  Gb  isr.o [1]
FTM1_IRQHandler         0x00006331    0x5c  Code  Gb  isr.o [1]
FTM2_IRQHandler         0x0000638d    0x2a  Code  Gb  isr.o [1]
FTM_Input_init          0x00003bf5   0x336  Code  Gb  FTM.o [1]
FTM_PWM_Duty            0x00003b7f    0x76  Code  Gb  FTM.o [1]
FTM_PWM_init            0x00003865   0x31a  Code  Gb  FTM.o [1]
FTMx                    0x1fff0424     0xc  Data  Gb  FTM.o [1]
GPIOx                   0x1fff0430    0x14  Data  Gb  gpio.o [1]
HalfWidth               0x000067d0    0x34  Data  Gb  ImagePro.o [1]
HardFault_Handler       0x00006131    0x14  Code  Gb  isr.o [1]
IICSendByte             0x000048e1    0xa4  Code  Gb  Landzo.o [1]
IICWriteGpio_inint      0x00004b35    0x28  Code  Gb  Landzo.o [1]
IICreceiveByte          0x00004985    0x8a  Code  Gb  Landzo.o [1]
ImagePro                0x00002b45   0x152  Code  Gb  ImagePro.o [1]
ImageProFlag            0x1fff3d28     0x1  Data  Gb  main.o [1]
ImagePut                0x00002abd    0x70  Code  Gb  ImagePro.o [1]
ImgNew                  0x1fff05a0  0x1b58  Data  Gb  ImagePro.o [1]
LandzoIICEEROM_INIT     0x00004b5d    0xac  Code  Gb  Landzo.o [1]
LandzoRAM               0x1fff045c    0xd4  Data  Gb  Landzo.o [1]
LeftBlackCross          0x1fff3d1d     0x1  Data  Gb  ImagePro.o [1]
LeftBlackDone           0x1fff3d1b     0x1  Data  Gb  ImagePro.o [1]
LeftBlackLine           0x1fff212c    0x34  Data  Gb  ImagePro.o [1]
LeftCrossDetect         0x00001091   0x138  Code  Gb  ImagePro.o [1]
LeftLineGet             0x000011f1   0x38a  Code  Gb  ImagePro.o [1]
LeftLineHeadScan        0x00000911    0x76  Code  Gb  ImagePro.o [1]
LeftLineSup             0x00000987   0x70a  Code  Gb  ImagePro.o [1]
LeftLineSweep           0x00000599   0x1a6  Code  Gb  ImagePro.o [1]
LeftLineWin             0x0000073f   0x1d2  Code  Gb  ImagePro.o [1]
LinADCout               0x1fff3d16     0x2  Data  Gb  isr.o [1]
LinCout                 0x1fff3d14     0x2  Data  Gb  isr.o [1]
MaPan_init              0x0000598b    0x26  Code  Gb  calculation.o [1]
MaxRe                   0x0000045f     0xe  Code  Gb  ImagePro.o [1]
MidFilter               0x000026dd    0x84  Code  Gb  ImagePro.o [1]
MinRe                   0x0000046d    0x10  Code  Gb  ImagePro.o [1]
PIT0_IRQHandler         0x00006083    0xaa  Code  Gb  isr.o [1]
PIT1_IRQHandler         0x00006069    0x1a  Code  Gb  isr.o [1]
PIT2_IRQHandler         0x00006321     0xe  Code  Gb  isr.o [1]
PORTC_IRQHandler        0x0000617f    0x90  Code  Gb  isr.o [1]
PORTD_IRQHandler        0x00006145    0x3a  Code  Gb  isr.o [1]
PORTE_IRQHandler        0x0000620f   0x112  Code  Gb  isr.o [1]
PORTX                   0x1fff0444    0x14  Data  Gb  gpio.o [1]
PendSV_Handler          0x0000612f     0x2  Code  Gb  isr.o [1]
Region$$Table$$Base     0x0000699c           --   Gb  - Linker created -
Region$$Table$$Limit    0x000069ac           --   Gb  - Linker created -
Reset_Handler           0x00000411          Code  Gb  crt0.o [1]
RightBlackCross         0x1fff3d1e     0x1  Data  Gb  ImagePro.o [1]
RightBlackDone          0x1fff3d1c     0x1  Data  Gb  ImagePro.o [1]
RightBlackLine          0x1fff2160    0x34  Data  Gb  ImagePro.o [1]
RightCrossDetect        0x0000209f   0x128  Code  Gb  ImagePro.o [1]
RightLineGet            0x000021e5   0x38a  Code  Gb  ImagePro.o [1]
RightLineHeadScan       0x00001919    0x76  Code  Gb  ImagePro.o [1]
RightLineSup            0x00001995   0x70a  Code  Gb  ImagePro.o [1]
RightLineSweep          0x0000157b   0x1d2  Code  Gb  ImagePro.o [1]
RightLineWin            0x00001759   0x1c0  Code  Gb  ImagePro.o [1]
SendImage               0x000004a1    0x34  Code  Gb  ImagePro.o [1]
Speed                   0x1fff3cfa     0x2  Data  Gb  calculation.o [1]
SpeedKc                 0x1fff0410     0x2  Data  Gb  calculation.o [1]
SpeedPIcontrol          0x000059ed    0x8a  Code  Gb  calculation.o [1]
SpeedSp                 0x1fff0412     0x2  Data  Gb  calculation.o [1]
SpeedTransmitter        0x000059b1    0x3c  Code  Gb  calculation.o [1]
SysTick_Handler         0x0000612d     0x2  Code  Gb  isr.o [1]
TIME0flag_10ms          0x1fff3d20     0x1  Data  Gb  isr.o [1]
TIME0flag_15ms          0x1fff3d21     0x1  Data  Gb  isr.o [1]
TIME0flag_200ms         0x1fff3d23     0x1  Data  Gb  isr.o [1]
TIME0flag_20ms          0x1fff3d22     0x1  Data  Gb  isr.o [1]
TIME0flag_5ms           0x1fff3d1f     0x1  Data  Gb  isr.o [1]
TIME1flag_1s            0x1fff3d24     0x1  Data  Gb  isr.o [1]
TURNPWM_init            0x00005c07    0x1a  Code  Gb  calculation.o [1]
TimeCount               0x1fff3d25     0x1  Data  Gb  isr.o [1]
UARTx                   0x1fff0538    0x18  Data  Gb  uart.o [1]
USART1_IRQHandler       0x00006045    0x24  Code  Gb  isr.o [1]
WBClear                 0x0000057f    0x1a  Code  Gb  ImagePro.o [1]
WBDefine                0x000004d5    0xaa  Code  Gb  ImagePro.o [1]
WhitePoint              0x1fff0459     0x1  Data  Gb  ImagePro.o [1]
__BOOT_STACK_ADDRESS {Abs}
                        0x2000fff8           --   Gb  command line/config [2]
__VECTOR_RAM {Abs}      0x1fff0000           --   Gb  command line/config [2]
__VECTOR_TABLE {Abs}    0x00000000           --   Gb  command line/config [2]
__aeabi_cfrcmple        0x00003445          Code  Gb  FltCmpGe.o [4]
__aeabi_d2f             0x00003669          Code  Gb  DblToFlt.o [4]
__aeabi_d2iz            0x00003109          Code  Gb  DblToI32.o [4]
__aeabi_dadd            0x00003581          Code  Gb  DblAdd.o [4]
__aeabi_dmul            0x00002f45          Code  Gb  DblMul.o [4]
__aeabi_f2d             0x00003531          Code  Gb  FltToDbl.o [4]
__aeabi_f2iz            0x000034ed          Code  Gb  FltToS32.o [4]
__aeabi_fadd            0x00003469          Code  Gb  FltAdd.o [4]
__aeabi_fdiv            0x00003189          Code  Gb  FltDiv.o [4]
__aeabi_fmul            0x00003285          Code  Gb  FltMul.o [4]
__aeabi_fsub            0x0000335d          Code  Gb  FltSub.o [4]
__aeabi_i2f             0x00003155          Code  Gb  I32ToFlt.o [4]
__aeabi_ui2d            0x00002f29          Code  Gb  I32ToDbl.o [4]
__aeabi_ui2f            0x00003169          Code  Gb  I32ToFlt.o [4]
__as_entries_start      0xffffffff           --   Gb  command line/config [2]
__as_table_start        0xffffffff           --   Gb  command line/config [2]
__cmain                 0x00006b39          Code  Gb  cmain.o [5]
__code_start__ {Abs}    0x00000410           --   Gb  command line/config [2]
__exit                  0x00006b69    0x14  Code  Gb  exit.o [6]
__iar_d2uiz             0x00003135          Code  Gb  DblToI32.o [4]
__iar_dadd              0x00003595          Code  Gb  DblAdd.o [4]
__iar_data_init3        0x00006909    0x28  Code  Gb  data_init.o [5]
__iar_dsub              0x000036f9          Code  Gb  DblSub.o [4]
__iar_dsubStart         0x0000370b          Code  Gb  DblSub.o [4]
__iar_fadd              0x00003479          Code  Gb  FltAdd.o [4]
__iar_fsub              0x0000336d          Code  Gb  FltSub.o [4]
__iar_fsubStart         0x0000337d          Code  Gb  FltSub.o [4]
__iar_program_start     0x00006f65          Code  Gb  cstartup_M.o [5]
__iar_ui2d              0x00002f2d          Code  Gb  I32ToDbl.o [4]
__iar_ui2f              0x0000316d          Code  Gb  I32ToFlt.o [4]
__iar_zero_init3        0x000030e7    0x22  Code  Gb  zero_init3.o [5]
__low_level_init        0x00006b53     0x4  Code  Gb  low_level_init.o [3]
__vector_table          0x00000000   0x410  Data  Gb  vectors.o [1]
_call_main              0x00006b45          Code  Gb  cmain.o [5]
_exit                   0x00006b5d          Code  Gb  cexit.o [5]
_main                   0x00006b4f          Code  Gb  cmain.o [5]
assert_failed           0x00003f75    0x18  Code  Gb  assert.o [1]
bus_clk_khz             0x1fff3cf4     0x4  Data  Gb  sysinit.o [1]
check_ACK               0x00004847    0x9a  Code  Gb  Landzo.o [1]
checkflg                0x1fff3d27     0x1  Data  Gb  main.o [1]
common_startup          0x00005341    0xc0  Code  Gb  startup.o [1]
core_clk_khz            0x1fff3cec     0x4  Data  Gb  sysinit.o [1]
core_clk_mhz            0x1fff3cf0     0x4  Data  Gb  sysinit.o [1]
cpu_identify            0x00004f17   0x20a  Code  Gb  start.o [1]
default_isr             0x00006cfd    0x18  Code  Gb  vectors.o [1]
delayms                 0x00006485    0x1e  Code  Gb  delay.o [1]
delaytime               0x1fff3d18     0x2  Data  Gb  isr.o [1]
disable_irq             0x00004027    0x5e  Code  Gb  arm_cm4.o [1]
enable_irq              0x00003f93    0x94  Code  Gb  arm_cm4.o [1]
exit                    0x00006b57     0x4  Code  Gb  exit.o [3]
flash_identify          0x00005121    0xbe  Code  Gb  start.o [1]
gpio_Interrupt_init     0x00004c1d    0x88  Code  Gb  gpio.o [1]
gpio_get                0x00004db5    0x26  Code  Gb  gpio.o [1]
gpio_init               0x00004ca5    0xb6  Code  Gb  gpio.o [1]
gpio_set                0x00004d5b    0x5a  Code  Gb  gpio.o [1]
iic_start               0x000046cd    0x6c  Code  Gb  Landzo.o [1]
iic_stop                0x00004739    0x5c  Code  Gb  Landzo.o [1]
main                    0x0000545d   0x1d4  Code  Gb  main.o [1]
mcg_div                 0x1fff0530     0x8  Data  Gb  mcg.o [1]
out_char                0x00006f0d    0x10  Code  Gb  io.o [1]
pit_init                0x00005cbd    0x62  Code  Gb  PIT.o [1]
pll_init                0x00005639   0x2f4  Code  Gb  mcg.o [1]
printf                  0x000045ef    0x26  Code  Gb  printf.o [1]
printk                  0x000041dd   0x412  Code  Gb  printf.o [1]
printk_mknumstr         0x000040e7    0xaa  Code  Lc  printf.o [1]
printk_pad_space        0x000041b7    0x26  Code  Lc  printf.o [1]
printk_pad_zero         0x00004191    0x26  Code  Lc  printf.o [1]
printk_putc             0x000040b5    0x32  Code  Lc  printf.o [1]
receiveNbyte            0x00004a79    0xbc  Code  Gb  Landzo.o [1]
set_sys_dividers        0x1fff0551    0x50  Code  Gb  mcg.o [1]
slave_ACK               0x00004795    0x5c  Code  Gb  Landzo.o [1]
slave_NOACK             0x000047f1    0x56  Code  Gb  Landzo.o [1]
start                   0x00004de9   0x12e  Code  Gb  start.o [1]
strlen                  0x00004619    0x20  Code  Gb  stdlib.o [1]
sysinit                 0x00005401    0x48  Code  Gb  sysinit.o [1]
uart_getchar            0x00002e71    0x1a  Code  Gb  uart.o [1]
uart_init               0x00002cc1   0x1b0  Code  Gb  uart.o [1]
uart_putchar            0x00002e8b    0x1a  Code  Gb  uart.o [1]
uart_sendN              0x00002ea5    0x22  Code  Gb  uart.o [1]
uart_sendStr            0x00002ec7    0x1c  Code  Gb  uart.o [1]
wdog_disable            0x00005309    0x16  Code  Gb  wdog.o [1]
wdog_unlock             0x00005321    0x16  Code  Gb  wdog.o [1]
writeNbyte              0x00004a0f    0x6a  Code  Gb  Landzo.o [1]
write_vtor              0x00003f8d     0x6  Code  Gb  arm_cm4.o [1]


[1] = I:\L3D\build\fire_demo\Debug\Obj
[2] = command line
[3] = dl7M_tln.a
[4] = m7M_tl.a
[5] = rt7M_tl.a
[6] = shb_l.a

  24 888 bytes of readonly  code memory
      80 bytes of readwrite code memory
   3 704 bytes of readonly  data memory
  14 537 bytes of readwrite data memory

Errors: none
Warnings: none
