###############################################################################
#
# IAR ELF Linker V7.20.2.7424/W32 for ARM                 08/Mar/2016  20:06:19
# Copyright 2007-2014 IAR Systems AB.
#
#    Output file  =  
#        H:\智能车竞赛\6.5
#        landzo_k60_Camera\build\landzo_demo\Release\Exe\fire_gpio_demo.out
#    Map file     =  
#        H:\智能车竞赛\6.5
#        landzo_k60_Camera\build\landzo_demo\Release\List\fire_gpio_demo.map
#    Command line =  
#        "H:\智能车竞赛\6.5
#        landzo_k60_Camera\build\landzo_demo\Release\Obj\adc.o"
#        "H:\智能车竞赛\6.5
#        landzo_k60_Camera\build\landzo_demo\Release\Obj\alloc.o"
#        "H:\智能车竞赛\6.5
#        landzo_k60_Camera\build\landzo_demo\Release\Obj\arm_cm4.o"
#        "H:\智能车竞赛\6.5
#        landzo_k60_Camera\build\landzo_demo\Release\Obj\assert.o"
#        "H:\智能车竞赛\6.5
#        landzo_k60_Camera\build\landzo_demo\Release\Obj\AT24C02.o"
#        "H:\智能车竞赛\6.5
#        landzo_k60_Camera\build\landzo_demo\Release\Obj\calculation.o"
#        "H:\智能车竞赛\6.5
#        landzo_k60_Camera\build\landzo_demo\Release\Obj\crt0.o"
#        "H:\智能车竞赛\6.5
#        landzo_k60_Camera\build\landzo_demo\Release\Obj\delay.o"
#        "H:\智能车竞赛\6.5
#        landzo_k60_Camera\build\landzo_demo\Release\Obj\dma.o"
#        "H:\智能车竞赛\6.5
#        landzo_k60_Camera\build\landzo_demo\Release\Obj\exti.o"
#        "H:\智能车竞赛\6.5
#        landzo_k60_Camera\build\landzo_demo\Release\Obj\FTM.o"
#        "H:\智能车竞赛\6.5
#        landzo_k60_Camera\build\landzo_demo\Release\Obj\gpio.o"
#        "H:\智能车竞赛\6.5
#        landzo_k60_Camera\build\landzo_demo\Release\Obj\i2c.o"
#        "H:\智能车竞赛\6.5
#        landzo_k60_Camera\build\landzo_demo\Release\Obj\io.o"
#        "H:\智能车竞赛\6.5
#        landzo_k60_Camera\build\landzo_demo\Release\Obj\isr.o"
#        "H:\智能车竞赛\6.5
#        landzo_k60_Camera\build\landzo_demo\Release\Obj\LandzoCamera.o"
#        "H:\智能车竞赛\6.5
#        landzo_k60_Camera\build\landzo_demo\Release\Obj\LandzoIIC.o"
#        "H:\智能车竞赛\6.5
#        landzo_k60_Camera\build\landzo_demo\Release\Obj\LandzoOLED.o"
#        "H:\智能车竞赛\6.5
#        landzo_k60_Camera\build\landzo_demo\Release\Obj\lptmr.o"
#        "H:\智能车竞赛\6.5
#        landzo_k60_Camera\build\landzo_demo\Release\Obj\main.o"
#        "H:\智能车竞赛\6.5
#        landzo_k60_Camera\build\landzo_demo\Release\Obj\mcg.o"
#        "H:\智能车竞赛\6.5
#        landzo_k60_Camera\build\landzo_demo\Release\Obj\memtest.o"
#        "H:\智能车竞赛\6.5
#        landzo_k60_Camera\build\landzo_demo\Release\Obj\PIT.o"
#        "H:\智能车竞赛\6.5
#        landzo_k60_Camera\build\landzo_demo\Release\Obj\printf.o"
#        "H:\智能车竞赛\6.5
#        landzo_k60_Camera\build\landzo_demo\Release\Obj\queue.o"
#        "H:\智能车竞赛\6.5
#        landzo_k60_Camera\build\landzo_demo\Release\Obj\start.o"
#        "H:\智能车竞赛\6.5
#        landzo_k60_Camera\build\landzo_demo\Release\Obj\startup.o"
#        "H:\智能车竞赛\6.5
#        landzo_k60_Camera\build\landzo_demo\Release\Obj\stdlib.o"
#        "H:\智能车竞赛\6.5
#        landzo_k60_Camera\build\landzo_demo\Release\Obj\sysinit.o"
#        "H:\智能车竞赛\6.5
#        landzo_k60_Camera\build\landzo_demo\Release\Obj\uart.o"
#        "H:\智能车竞赛\6.5
#        landzo_k60_Camera\build\landzo_demo\Release\Obj\uif.o"
#        "H:\智能车竞赛\6.5
#        landzo_k60_Camera\build\landzo_demo\Release\Obj\vectors.o"
#        "H:\智能车竞赛\6.5
#        landzo_k60_Camera\build\landzo_demo\Release\Obj\wdog.o" -o
#        "H:\智能车竞赛\6.5
#        landzo_k60_Camera\build\landzo_demo\Release\Exe\fire_gpio_demo.out"
#        --map "H:\智能车竞赛\6.5
#        landzo_k60_Camera\build\landzo_demo\Release\List\fire_gpio_demo.map"
#        --config "H:\智能车竞赛\6.5
#        landzo_k60_Camera\build\landzo_demo\..\config
#        files\fire_ROM_K60N512.icf" --semihosting --entry __iar_program_start
#        --inline --vfe
#
###############################################################################

*******************************************************************************
*** RUNTIME MODEL ATTRIBUTES
***

CppFlavor       = *
__SystemLibrary = DLib


*******************************************************************************
*** PLACEMENT SUMMARY
***

"A1":  place at 0x00000000 { ro section .intvec };
"A2":  place at 0x00000410 { ro section .noinit };
"P1":  place in [from 0x00000000 to 0x00040000] { ro, block CodeRelocate };
"P2":  place in [from 0x1fff0410 to 0x20010000] {
          rw, block CodeRelocateRam, block CSTACK, block HEAP };

  Section              Kind        Address    Size  Object
  -------              ----        -------    ----  ------
"A1":                                        0x410
  .intvec              const    0x00000000   0x410  vectors.o [1]
                              - 0x00000410   0x410

"P1", part 1 of 2:                             0x0
  .rodata              const    0x00000410     0x0  zero_init3.o [5]

"A2":                                         0x3c
  .noinit              ro code  0x00000410    0x3c  crt0.o [1]
                              - 0x0000044c    0x3c

"P1", part 2 of 2:                          0x35d4
  .text                ro code  0x0000044c   0xc28  LandzoOLED.o [1]
  .text                ro code  0x00001074    0xb4  gpio.o [1]
  .text                ro code  0x00001128   0x1e4  arm_cm4.o [1]
  .text                ro code  0x0000130c   0x52c  printf.o [1]
  .text                ro code  0x00001838    0x14  stdlib.o [1]
  .data_init                    0x0000184c   0x504  <Block>
    Initializer bytes  ro data  0x0000184c   0x504  <for .data-1>
  .text                ro code  0x00001d50   0x4ec  LandzoIIC.o [1]
  .text                ro code  0x0000223c   0x2d4  main.o [1]
  .text                ro code  0x00002510   0x168  uart.o [1]
  .text                ro code  0x00002678    0x40  PIT.o [1]
  .text                ro code  0x000026b8   0x250  LandzoCamera.o [1]
  .text                ro code  0x00002908   0x124  calculation.o [1]
  .text                ro code  0x00002a2c   0x1c0  FTM.o [1]
  .text                ro code  0x00002bec   0x1d0  dma.o [1]
  .text                ro code  0x00002dbc     0x6  ABImemclr4.o [5]
  .text                ro code  0x00002dc2    0x22  zero_init3.o [5]
  .text                ro code  0x00002de4    0xd8  lptmr.o [1]
  .text                ro code  0x00002ebc    0x32  I32ToFlt.o [4]
  .text                ro code  0x00002ef0    0xd8  FltMul.o [4]
  .text                ro code  0x00002fc8    0x84  FltAdd.o [4]
  .text                ro code  0x0000304c    0xfc  FltDiv.o [4]
  .text                ro code  0x00003148    0xe6  FltSub.o [4]
  .text                ro code  0x00003230    0x44  FltToS32.o [4]
  .text                ro code  0x00003274    0x60  assert.o [1]
  .text                ro code  0x000032d4    0x32  ABImemset48.o [5]
  .text                ro code  0x00003308   0x274  isr.o [1]
  Veneer               ro code  0x0000357c     0x8  - Linker created -
  .text                ro code  0x00003584   0x1bc  mcg.o [1]
  .text                ro code  0x00003740    0x76  ABImemcpy_unaligned.o [5]
  .text                ro code  0x000037b8    0x70  startup.o [1]
  .text                ro code  0x00003828     0x6  ABImemclr.o [5]
  .text                ro code  0x00003830    0x5e  ABImemset.o [5]
  .text                ro code  0x00003890    0x44  sysinit.o [1]
  .text                ro code  0x000038d4    0x40  vectors.o [1]
  CodeRelocate                  0x00003914    0x3c  <Block>
    Initializer bytes  ro data  0x00003914    0x3c  <for CodeRelocateRam-1>
  .text                ro code  0x00003950    0x30  wdog.o [1]
  .text                ro code  0x00003980    0x28  data_init.o [5]
  .iar.init_table      const    0x000039a8    0x10  - Linker created -
  .text                ro code  0x000039b8    0x1a  cmain.o [5]
  .text                ro code  0x000039d2     0x4  exit.o [3]
  .text                ro code  0x000039d8     0xa  cexit.o [5]
  .text                ro code  0x000039e4    0x14  exit.o [6]
  .text                ro code  0x000039f8    0x14  start.o [1]
  .text                ro code  0x00003a0c     0xc  cstartup_M.o [5]
  .text                ro code  0x00003a18     0x8  io.o [1]
                              - 0x00003a20  0x35d4

"P2":                                        0x55e
  .data                         0x1fff0410   0x504  <Block>
    .data-1                     0x1fff0410   0x504  <Init block>
      .data            inited   0x1fff0410     0xc  FTM.o [1]
      .data            inited   0x1fff041c    0x28  gpio.o [1]
      .data            inited   0x1fff0444    0x18  isr.o [1]
      .data            inited   0x1fff045c     0x1  LandzoCamera.o [1]
      .data            inited   0x1fff0460    0xd4  LandzoIIC.o [1]
      .data            inited   0x1fff0534   0x3c0  main.o [1]
      .data            inited   0x1fff08f4     0x8  mcg.o [1]
      .data            inited   0x1fff08fc    0x18  uart.o [1]
  CodeRelocateRam               0x1fff0914    0x3c  <Block>
    CodeRelocateRam-1           0x1fff0914    0x3c  <Init block>
      .textrw          inited   0x1fff0914    0x3c  mcg.o [1]
  .bss                          0x1fff0950    0x1e  <Block>
    .bss               zero     0x1fff0950     0x8  calculation.o [1]
    .bss               zero     0x1fff0958     0xc  sysinit.o [1]
    .bss               zero     0x1fff0964     0x8  isr.o [1]
    .bss               zero     0x1fff096c     0x1  isr.o [1]
    .bss               zero     0x1fff096d     0x1  isr.o [1]
                              - 0x1fff096e   0x55e


*******************************************************************************
*** INIT TABLE
***

          Address     Size
          -------     ----
Zero (__iar_zero_init3)
    1 destination range, total size 0x1e:
          0x1fff0950  0x1e



*******************************************************************************
*** MODULE SUMMARY
***

    Module                 ro code  rw code  ro data  rw data
    ------                 -------  -------  -------  -------
H:\智能车竞赛\6.5 landzo_k60_Camera\build\landzo_demo\Release\Obj: [1]
    FTM.o                      448                12       12
    LandzoCamera.o             592                 1        1
    LandzoIIC.o              1 260               215      212
    LandzoOLED.o             3 112
    PIT.o                       64
    arm_cm4.o                  484
    assert.o                    96
    calculation.o              292                          8
    crt0.o                      60
    dma.o                      464
    gpio.o                     180                40       40
    io.o                         8
    isr.o                      628                24       34
    lptmr.o                    216
    main.o                     724               960      960
    mcg.o                      444       60       68        8
    printf.o                 1 324
    start.o                     20
    startup.o                  112
    stdlib.o                    20
    sysinit.o                   68                         12
    uart.o                     360                24       24
    vectors.o                   64             1 040
    wdog.o                      48
    ---------------------------------------------------------
    Total:                  11 088       60    2 384    1 311

command line: [2]
    ---------------------------------------------------------
    Total:

dl7M_tln.a: [3]
    exit.o                       4
    ---------------------------------------------------------
    Total:                       4

m7M_tl.a: [4]
    FltAdd.o                   132
    FltDiv.o                   252
    FltMul.o                   216
    FltSub.o                   230
    FltToS32.o                  68
    I32ToFlt.o                  50
    ---------------------------------------------------------
    Total:                     948

rt7M_tl.a: [5]
    ABImemclr.o                  6
    ABImemclr4.o                 6
    ABImemcpy_unaligned.o      118
    ABImemset.o                 94
    ABImemset48.o               50
    cexit.o                     10
    cmain.o                     26
    cstartup_M.o                12
    data_init.o                 40
    zero_init3.o                34
    ---------------------------------------------------------
    Total:                     396

shb_l.a: [6]
    exit.o                      20
    ---------------------------------------------------------
    Total:                      20

    Gaps                        16                          3
    Linker created               8                16
-------------------------------------------------------------
    Grand Total:            12 480       60    2 400    1 314


*******************************************************************************
*** ENTRY LIST
***

Entry                      Address   Size  Type      Object
-----                      -------   ----  ----      ------
.bss$$Base              0x1fff0950          --   Gb  - Linker created -
.bss$$Limit             0x1fff096e          --   Gb  - Linker created -
.data$$Base             0x1fff0410          --   Gb  - Linker created -
.data$$Limit            0x1fff0914          --   Gb  - Linker created -
.data_init$$Base        0x0000184c          --   Gb  - Linker created -
.data_init$$Limit       0x00001d50          --   Gb  - Linker created -
?main                   0x000039b9         Code  Gb  cmain.o [5]
ADdata                  0x1fff0750  0x1a4  Data  Gb  main.o [1]
ASSERT_FAILED_STR       0x0000328c   0x48  Data  Gb  assert.o [1]
BFDly_ms                0x00001d51   0x3e  Code  Gb  LandzoIIC.o [1]
BFdelay_1us             0x00001d8f   0x36  Code  Gb  LandzoIIC.o [1]
BUFF                    0x1fff055c  0x1f4  Data  Gb  main.o [1]
CameraStation           0x1fff053c    0x4  Data  Gb  main.o [1]
Camera_Black            0x000026f1  0x20a  Code  Gb  LandzoCamera.o [1]
Camera_init             0x000026b9   0x38  Code  Gb  LandzoCamera.o [1]
CodeRelocate$$Base      0x00003914          --   Gb  - Linker created -
CodeRelocate$$Limit     0x00003950          --   Gb  - Linker created -
CodeRelocateRam$$Base   0x1fff0914          --   Gb  - Linker created -
CodeRelocateRam$$Limit  0x1fff0950          --   Gb  - Linker created -
DMA_CH0_Handler         0x000034c1   0x1e  Code  Gb  isr.o [1]
DMA_CH4_Handler         0x0000349f   0x22  Code  Gb  isr.o [1]
DMA_Over_Flag           0x1fff096c    0x1  Data  Gb  isr.o [1]
DMA_PORTx2BUFF_Init     0x00002bed  0x17c  Code  Gb  dma.o [1]
F14x16                  0x00000934  0x150  Data  Gb  LandzoOLED.o [1]
F14x16_Idx              0x00000918   0x1c  Data  Gb  LandzoOLED.o [1]
F8X16                   0x00000a84  0x5f0  Data  Gb  LandzoOLED.o [1]
FTM0_IRQHandler         0x00003471    0x2  Code  Gb  isr.o [1]
FTM1_IRQHandler         0x00003473   0x2c  Code  Gb  isr.o [1]
FTM_PWM_Duty            0x00002bb7   0x1c  Code  Gb  FTM.o [1]
FTM_PWM_init            0x00002a2d  0x18a  Code  Gb  FTM.o [1]
FTMx                    0x1fff0410    0xc  Data  Gb  FTM.o [1]
GPIOx                   0x1fff041c   0x14  Data  Gb  gpio.o [1]
HardFault_Handler       0x000033bf    0xe  Code  Gb  isr.o [1]
IICSendByte             0x00001ec7  0x10c  Code  Gb  LandzoIIC.o [1]
IICWriteGpio_inint      0x00002155    0x4  Code  Gb  LandzoIIC.o [1]
IICreceiveByte          0x00001fd3   0xc6  Code  Gb  LandzoIIC.o [1]
LPT_Handler             0x000034df   0x14  Code  Gb  isr.o [1]
LPT_INT_count           0x1fff096d    0x1  Data  Gb  isr.o [1]
LandzoIICEEROM_INIT     0x00002185   0xb2  Code  Gb  LandzoIIC.o [1]
LandzoRAM               0x1fff0460   0xd4  Data  Gb  LandzoIIC.o [1]
Leftblackedge           0x1fff0538    0x4  Data  Gb  main.o [1]
LineCount               0x1fff0446    0x2  Data  Gb  isr.o [1]
MIDSTATION              0x1fff0544    0x1  Data  Gb  main.o [1]
MOTORPWM_init           0x00002909   0x2e  Code  Gb  calculation.o [1]
OLED_Display_Num        0x00000875   0x3c  Code  Gb  LandzoOLED.o [1]
OLED_Fill               0x000004d3   0x30  Code  Gb  LandzoOLED.o [1]
OLED_HEXACSII           0x00000849   0x2c  Code  Gb  LandzoOLED.o [1]
OLED_Init               0x00000503  0x156  Code  Gb  LandzoOLED.o [1]
OLED_P14x16Str          0x0000072b  0x11e  Code  Gb  LandzoOLED.o [1]
OLED_P8x16Str           0x00000659   0xd2  Code  Gb  LandzoOLED.o [1]
OLED_Print              0x000008b1   0x50  Code  Gb  LandzoOLED.o [1]
OLED_WrCmd              0x00000491   0x42  Code  Gb  LandzoOLED.o [1]
OLED_WrDat              0x0000044d   0x42  Code  Gb  LandzoOLED.o [1]
PIT0_IRQHandler         0x0000332f   0x8c  Code  Gb  isr.o [1]
PIT1_IRQHandler         0x0000332b    0x4  Code  Gb  isr.o [1]
PIT2_IRQHandler         0x00003465    0x2  Code  Gb  isr.o [1]
PORTB_IRQHandler        0x00003445   0x20  Code  Gb  isr.o [1]
PORTD_IRQHandler        0x000033cd   0x78  Code  Gb  isr.o [1]
PORTX                   0x1fff0430   0x14  Data  Gb  gpio.o [1]
PendSV_Handler          0x000033bd    0x2  Code  Gb  isr.o [1]
Region$$Table$$Base     0x000039a8          --   Gb  - Linker created -
Region$$Table$$Limit    0x000039b8          --   Gb  - Linker created -
Reset_Handler           0x00000411         Code  Gb  crt0.o [1]
Rightblackedge          0x1fff0534    0x4  Data  Gb  main.o [1]
Sample_LineAryy         0x1fff0450    0xc  Data  Gb  isr.o [1]
Sample_Line_Count       0x1fff0448    0x2  Data  Gb  isr.o [1]
Sample_Line_flag        0x1fff0444    0x1  Data  Gb  isr.o [1]
Set_Speed               0x1fff0548    0x2  Data  Gb  main.o [1]
SpeedControl            0x0000298b   0x8a  Code  Gb  calculation.o [1]
SpeedPWM_Value          0x1fff054c    0x2  Data  Gb  main.o [1]
Speed_Count             0x1fff054a    0x2  Data  Gb  main.o [1]
Speed_D                 0x1fff0542    0x1  Data  Gb  main.o [1]
Speed_I                 0x1fff0541    0x1  Data  Gb  main.o [1]
Speed_P                 0x1fff0540    0x1  Data  Gb  main.o [1]
Station                 0x1fff0543    0x1  Data  Gb  main.o [1]
Sum_Station             0x1fff0550    0x2  Data  Gb  main.o [1]
SysTick_Handler         0x000033bb    0x2  Code  Gb  isr.o [1]
TIME0flag_100ms         0x1fff0968    0x1  Data  Gb  isr.o [1]
TIME0flag_10ms          0x1fff0965    0x1  Data  Gb  isr.o [1]
TIME0flag_200ms         0x1fff0969    0x1  Data  Gb  isr.o [1]
TIME0flag_20ms          0x1fff0966    0x1  Data  Gb  isr.o [1]
TIME0flag_5ms           0x1fff0964    0x1  Data  Gb  isr.o [1]
TIME0flag_80ms          0x1fff0967    0x1  Data  Gb  isr.o [1]
TURNPWM_init            0x00002937   0x1a  Code  Gb  calculation.o [1]
TimeCount               0x1fff096a    0x2  Data  Gb  isr.o [1]
TurnPWM                 0x00002951   0x3a  Code  Gb  calculation.o [1]
TurnPWM_Value           0x1fff054e    0x2  Data  Gb  main.o [1]
UARTx                   0x1fff08fc   0x18  Data  Gb  uart.o [1]
USART1_IRQHandler       0x00003309   0x22  Code  Gb  isr.o [1]
__BOOT_STACK_ADDRESS {Abs}
                        0x2000fff8          --   Gb  command line/config [2]
__VECTOR_RAM {Abs}      0x1fff0000          --   Gb  command line/config [2]
__VECTOR_TABLE {Abs}    0x00000000          --   Gb  command line/config [2]
__aeabi_f2iz            0x00003231         Code  Gb  FltToS32.o [4]
__aeabi_fadd            0x00002fc9         Code  Gb  FltAdd.o [4]
__aeabi_fdiv            0x0000304d         Code  Gb  FltDiv.o [4]
__aeabi_fmul            0x00002ef1         Code  Gb  FltMul.o [4]
__aeabi_fsub            0x00003149         Code  Gb  FltSub.o [4]
__aeabi_i2f             0x00002ebd         Code  Gb  I32ToFlt.o [4]
__aeabi_memclr          0x00003829         Code  Gb  ABImemclr.o [5]
__aeabi_memclr4         0x00002dbd         Code  Gb  ABImemclr4.o [5]
__aeabi_ui2f            0x00002ed1         Code  Gb  I32ToFlt.o [4]
__as_entries_start      0xffffffff          --   Gb  command line/config [2]
__as_table_start        0xffffffff          --   Gb  command line/config [2]
__cmain                 0x000039b9         Code  Gb  cmain.o [5]
__code_start__ {Abs}    0x00000410          --   Gb  command line/config [2]
__exit                  0x000039e5   0x14  Code  Gb  exit.o [6]
__iar_Memset4_word      0x000032d5         Code  Gb  ABImemset48.o [5]
__iar_Memset8_word      0x000032d5         Code  Gb  ABImemset48.o [5]
__iar_Memset_word       0x00003831         Code  Gb  ABImemset.o [5]
__iar_data_init3        0x00003981   0x28  Code  Gb  data_init.o [5]
__iar_fadd              0x00002fd9         Code  Gb  FltAdd.o [4]
__iar_fsub              0x00003159         Code  Gb  FltSub.o [4]
__iar_fsubStart         0x00003169         Code  Gb  FltSub.o [4]
__iar_program_start     0x00003a0d         Code  Gb  cstartup_M.o [5]
__iar_ui2f              0x00002ed5         Code  Gb  I32ToFlt.o [4]
__iar_unaligned___aeabi_memcpy
                        0x00003741         Code  Gb  ABImemcpy_unaligned.o [5]
__iar_unaligned___aeabi_memcpy4
                        0x00003761         Code  Gb  ABImemcpy_unaligned.o [5]
__iar_unaligned___aeabi_memcpy8
                        0x00003761         Code  Gb  ABImemcpy_unaligned.o [5]
__iar_zero_init3        0x00002dc3   0x22  Code  Gb  zero_init3.o [5]
__vector_table          0x00000000  0x410  Data  Gb  vectors.o [1]
_call_main              0x000039c5         Code  Gb  cmain.o [5]
_exit                   0x000039d9         Code  Gb  cexit.o [5]
_main                   0x000039cf         Code  Gb  cmain.o [5]
assert_failed           0x00003275   0x16  Code  Gb  assert.o [1]
bus_clk_khz             0x1fff0960    0x4  Data  Gb  sysinit.o [1]
check_ACK               0x00001e6f   0x58  Code  Gb  LandzoIIC.o [1]
checkflag               0x1fff0545    0x1  Data  Gb  main.o [1]
common_startup          0x000037b9   0x70  Code  Gb  startup.o [1]
core_clk_khz            0x1fff0958    0x4  Data  Gb  sysinit.o [1]
core_clk_mhz            0x1fff095c    0x4  Data  Gb  sysinit.o [1]
default_isr             0x000038d5    0xc  Code  Gb  vectors.o [1]
disable_irq             0x0000118d   0x52  Code  Gb  arm_cm4.o [1]
enable_irq              0x0000112f   0x5e  Code  Gb  arm_cm4.o [1]
exit                    0x000039d3    0x4  Code  Gb  exit.o [3]
finger                  0x1fff0554    0x4  Data  Gb  main.o [1]
finger1                 0x1fff0558    0x4  Data  Gb  main.o [1]
g_PointCount            0x1fff0546    0x1  Data  Gb  main.o [1]
g_temp0                 0x1fff0552    0x2  Data  Gb  main.o [1]
gpio_Interrupt_init     0x00001075   0x5a  Code  Gb  gpio.o [1]
gpio_init               0x000010cf   0x56  Code  Gb  gpio.o [1]
iic_start               0x00001dc5   0x30  Code  Gb  LandzoIIC.o [1]
iic_stop                0x00001df5    0x4  Code  Gb  LandzoIIC.o [1]
lptmr_counter_init      0x00002de5   0x86  Code  Gb  lptmr.o [1]
main                    0x0000223d  0x280  Code  Gb  main.o [1]
mcg_div                 0x1fff08f4    0x8  Data  Gb  mcg.o [1]
out_char                0x00003a19    0x8  Code  Gb  io.o [1]
pSample_Line            0x1fff044c    0x4  Data  Gb  isr.o [1]
pit_init                0x00002679   0x16  Code  Gb  PIT.o [1]
pll_init                0x00003585  0x1bc  Code  Gb  mcg.o [1]
printf                  0x00001815   0x1e  Code  Gb  printf.o [1]
printk                  0x00001407  0x40e  Code  Gb  printf.o [1]
printk_mknumstr         0x00001337   0x64  Code  Lc  printf.o [1]
printk_pad_space        0x000013d1   0x36  Code  Lc  printf.o [1]
printk_pad_zero         0x0000139b   0x36  Code  Lc  printf.o [1]
printk_putc             0x0000130d   0x2a  Code  Lc  printf.o [1]
receiveNbyte            0x000020dd   0x78  Code  Gb  LandzoIIC.o [1]
set_irq_priority        0x000011df   0x26  Code  Gb  arm_cm4.o [1]
set_sys_dividers        0x1fff0915   0x3c  Code  Gb  mcg.o [1]
slave_ACK               0x00001df9    0x2  Code  Gb  LandzoIIC.o [1]
slave_NOACK             0x00001e37   0x38  Code  Gb  LandzoIIC.o [1]
start                   0x000039f9   0x14  Code  Gb  start.o [1]
strlen                  0x00001839   0x14  Code  Gb  stdlib.o [1]
sysinit                 0x00003891   0x3c  Code  Gb  sysinit.o [1]
uart_getchar            0x00002619   0x10  Code  Gb  uart.o [1]
uart_init               0x00002511  0x108  Code  Gb  uart.o [1]
uart_putchar            0x00002629   0x10  Code  Gb  uart.o [1]
uart_sendStr            0x00002639   0x1e  Code  Gb  uart.o [1]
wdog_disable            0x00003951   0x14  Code  Gb  wdog.o [1]
wdog_unlock             0x00003965   0x14  Code  Gb  wdog.o [1]
writeNbyte              0x0000209d   0x38  Code  Gb  LandzoIIC.o [1]
write_vtor              0x00001129    0x6  Code  Gb  arm_cm4.o [1]


[1] = H:\智能车竞赛\6.5 landzo_k60_Camera\build\landzo_demo\Release\Obj
[2] = command line
[3] = dl7M_tln.a
[4] = m7M_tl.a
[5] = rt7M_tl.a
[6] = shb_l.a

  12 480 bytes of readonly  code memory
      60 bytes of readwrite code memory
   2 400 bytes of readonly  data memory
   1 314 bytes of readwrite data memory

Errors: none
Warnings: none
